Archive member included to satisfy reference by file (symbol)

/home/nazar/gcc-arm/bin/../lib/gcc/arm-none-eabi/10.3.1/../../../../arm-none-eabi/lib/thumb/v7-m/nofp/libc_nano.a(lib_a-exit.o)
                              /home/nazar/gcc-arm/bin/../lib/gcc/arm-none-eabi/10.3.1/../../../../arm-none-eabi/lib/thumb/v7-m/nofp/crt0.o (exit)
/home/nazar/gcc-arm/bin/../lib/gcc/arm-none-eabi/10.3.1/../../../../arm-none-eabi/lib/thumb/v7-m/nofp/libc_nano.a(lib_a-impure.o)
                              /home/nazar/gcc-arm/bin/../lib/gcc/arm-none-eabi/10.3.1/../../../../arm-none-eabi/lib/thumb/v7-m/nofp/libc_nano.a(lib_a-exit.o) (_global_impure_ptr)
/home/nazar/gcc-arm/bin/../lib/gcc/arm-none-eabi/10.3.1/../../../../arm-none-eabi/lib/thumb/v7-m/nofp/libc_nano.a(lib_a-init.o)
                              /home/nazar/gcc-arm/bin/../lib/gcc/arm-none-eabi/10.3.1/../../../../arm-none-eabi/lib/thumb/v7-m/nofp/crt0.o (__libc_init_array)
/home/nazar/gcc-arm/bin/../lib/gcc/arm-none-eabi/10.3.1/../../../../arm-none-eabi/lib/thumb/v7-m/nofp/libc_nano.a(lib_a-malloc.o)
                              build/main.o (malloc)
/home/nazar/gcc-arm/bin/../lib/gcc/arm-none-eabi/10.3.1/../../../../arm-none-eabi/lib/thumb/v7-m/nofp/libc_nano.a(lib_a-memset.o)
                              /home/nazar/gcc-arm/bin/../lib/gcc/arm-none-eabi/10.3.1/../../../../arm-none-eabi/lib/thumb/v7-m/nofp/crt0.o (memset)
/home/nazar/gcc-arm/bin/../lib/gcc/arm-none-eabi/10.3.1/../../../../arm-none-eabi/lib/thumb/v7-m/nofp/libc_nano.a(lib_a-nano-freer.o)
                              /home/nazar/gcc-arm/bin/../lib/gcc/arm-none-eabi/10.3.1/../../../../arm-none-eabi/lib/thumb/v7-m/nofp/libc_nano.a(lib_a-malloc.o) (_free_r)
/home/nazar/gcc-arm/bin/../lib/gcc/arm-none-eabi/10.3.1/../../../../arm-none-eabi/lib/thumb/v7-m/nofp/libc_nano.a(lib_a-nano-mallocr.o)
                              /home/nazar/gcc-arm/bin/../lib/gcc/arm-none-eabi/10.3.1/../../../../arm-none-eabi/lib/thumb/v7-m/nofp/libc_nano.a(lib_a-malloc.o) (_malloc_r)
/home/nazar/gcc-arm/bin/../lib/gcc/arm-none-eabi/10.3.1/../../../../arm-none-eabi/lib/thumb/v7-m/nofp/libc_nano.a(lib_a-nano-vfprintf_float.o)
                              (_printf_float)
/home/nazar/gcc-arm/bin/../lib/gcc/arm-none-eabi/10.3.1/../../../../arm-none-eabi/lib/thumb/v7-m/nofp/libc_nano.a(lib_a-nano-vfprintf_i.o)
                              /home/nazar/gcc-arm/bin/../lib/gcc/arm-none-eabi/10.3.1/../../../../arm-none-eabi/lib/thumb/v7-m/nofp/libc_nano.a(lib_a-nano-vfprintf_float.o) (_printf_common)
/home/nazar/gcc-arm/bin/../lib/gcc/arm-none-eabi/10.3.1/../../../../arm-none-eabi/lib/thumb/v7-m/nofp/libc_nano.a(lib_a-printf.o)
                              build/main.o (printf)
/home/nazar/gcc-arm/bin/../lib/gcc/arm-none-eabi/10.3.1/../../../../arm-none-eabi/lib/thumb/v7-m/nofp/libc_nano.a(lib_a-puts.o)
                              build/main.o (puts)
/home/nazar/gcc-arm/bin/../lib/gcc/arm-none-eabi/10.3.1/../../../../arm-none-eabi/lib/thumb/v7-m/nofp/libc_nano.a(lib_a-sbrkr.o)
                              /home/nazar/gcc-arm/bin/../lib/gcc/arm-none-eabi/10.3.1/../../../../arm-none-eabi/lib/thumb/v7-m/nofp/libc_nano.a(lib_a-nano-mallocr.o) (_sbrk_r)
/home/nazar/gcc-arm/bin/../lib/gcc/arm-none-eabi/10.3.1/../../../../arm-none-eabi/lib/thumb/v7-m/nofp/libc_nano.a(lib_a-strlen.o)
                              /home/nazar/gcc-arm/bin/../lib/gcc/arm-none-eabi/10.3.1/../../../../arm-none-eabi/lib/thumb/v7-m/nofp/libc_nano.a(lib_a-nano-vfprintf_float.o) (strlen)
/home/nazar/gcc-arm/bin/../lib/gcc/arm-none-eabi/10.3.1/../../../../arm-none-eabi/lib/thumb/v7-m/nofp/libc_nano.a(lib_a-wbuf.o)
                              /home/nazar/gcc-arm/bin/../lib/gcc/arm-none-eabi/10.3.1/../../../../arm-none-eabi/lib/thumb/v7-m/nofp/libc_nano.a(lib_a-puts.o) (__swbuf_r)
/home/nazar/gcc-arm/bin/../lib/gcc/arm-none-eabi/10.3.1/../../../../arm-none-eabi/lib/thumb/v7-m/nofp/libc_nano.a(lib_a-wsetup.o)
                              /home/nazar/gcc-arm/bin/../lib/gcc/arm-none-eabi/10.3.1/../../../../arm-none-eabi/lib/thumb/v7-m/nofp/libc_nano.a(lib_a-puts.o) (__swsetup_r)
/home/nazar/gcc-arm/bin/../lib/gcc/arm-none-eabi/10.3.1/../../../../arm-none-eabi/lib/thumb/v7-m/nofp/libc_nano.a(lib_a-dtoa.o)
                              /home/nazar/gcc-arm/bin/../lib/gcc/arm-none-eabi/10.3.1/../../../../arm-none-eabi/lib/thumb/v7-m/nofp/libc_nano.a(lib_a-nano-vfprintf_float.o) (_dtoa_r)
/home/nazar/gcc-arm/bin/../lib/gcc/arm-none-eabi/10.3.1/../../../../arm-none-eabi/lib/thumb/v7-m/nofp/libc_nano.a(lib_a-fflush.o)
                              /home/nazar/gcc-arm/bin/../lib/gcc/arm-none-eabi/10.3.1/../../../../arm-none-eabi/lib/thumb/v7-m/nofp/libc_nano.a(lib_a-wbuf.o) (_fflush_r)
/home/nazar/gcc-arm/bin/../lib/gcc/arm-none-eabi/10.3.1/../../../../arm-none-eabi/lib/thumb/v7-m/nofp/libc_nano.a(lib_a-findfp.o)
[...]
Memory Configuration

Name             Origin             Length             Attributes
RAM              0x0000000020000000 0x0000000000005000 xrw
FLASH            0x0000000008000000 0x0000000000010000 xr
*default*        0x0000000000000000 0xffffffffffffffff

Linker script and memory map

LOAD /home/nazar/gcc-arm/bin/../lib/gcc/arm-none-eabi/10.3.1/thumb/v7-m/nofp/crti.o
LOAD /home/nazar/gcc-arm/bin/../lib/gcc/arm-none-eabi/10.3.1/thumb/v7-m/nofp/crtbegin.o
LOAD /home/nazar/gcc-arm/bin/../lib/gcc/arm-none-eabi/10.3.1/../../../../arm-none-eabi/lib/thumb/v7-m/nofp/crt0.o
LOAD build/main.o
LOAD build/stm32f1xx_it.o
LOAD build/stm32f1xx_hal_msp.o
LOAD build/system_stm32f1xx.o
LOAD build/stm32f1xx_hal_gpio_ex.o
LOAD build/stm32f1xx_hal_can.o
LOAD build/stm32f1xx_hal.o
LOAD build/stm32f1xx_hal_rcc.o
LOAD build/stm32f1xx_hal_rcc_ex.o
LOAD build/stm32f1xx_hal_gpio.o
LOAD build/stm32f1xx_hal_dma.o
LOAD build/stm32f1xx_hal_cortex.o
LOAD build/stm32f1xx_hal_pwr.o
LOAD build/stm32f1xx_hal_flash.o
LOAD build/stm32f1xx_hal_flash_ex.o
LOAD build/stm32f1xx_hal_exti.o
LOAD build/stm32f1xx_hal_tim.o
LOAD build/stm32f1xx_hal_tim_ex.o
LOAD build/stm32f1xx_hal_uart.o
LOAD build/stm32f1xx_hal_i2c.o
LOAD build/startup_stm32f103xb.o
LOAD /home/nazar/gcc-arm/bin/../lib/gcc/arm-none-eabi/10.3.1/../../../../arm-none-eabi/lib/thumb/v7-m/nofp/libc_nano.a
LOAD /home/nazar/gcc-arm/bin/../lib/gcc/arm-none-eabi/10.3.1/../../../../arm-none-eabi/lib/thumb/v7-m/nofp/libm.a
LOAD /home/nazar/gcc-arm/bin/../lib/gcc/arm-none-eabi/10.3.1/../../../../arm-none-eabi/lib/thumb/v7-m/nofp/libnosys.a
START GROUP
LOAD /home/nazar/gcc-arm/bin/../lib/gcc/arm-none-eabi/10.3.1/thumb/v7-m/nofp/libgcc.a
LOAD /home/nazar/gcc-arm/bin/../lib/gcc/arm-none-eabi/10.3.1/../../../../arm-none-eabi/lib/thumb/v7-m/nofp/libc_nano.a
END GROUP
START GROUP
LOAD /home/nazar/gcc-arm/bin/../lib/gcc/arm-none-eabi/10.3.1/thumb/v7-m/nofp/libgcc.a
LOAD /home/nazar/gcc-arm/bin/../lib/gcc/arm-none-eabi/10.3.1/../../../../arm-none-eabi/lib/thumb/v7-m/nofp/libc_nano.a
END GROUP
LOAD /home/nazar/gcc-arm/bin/../lib/gcc/arm-none-eabi/10.3.1/thumb/v7-m/nofp/crtend.o
LOAD /home/nazar/gcc-arm/bin/../lib/gcc/arm-none-eabi/10.3.1/thumb/v7-m/nofp/crtn.o
                0x0000000020005000                _estack = 0x20005000
                0x0000000000000200                _Min_Heap_Size = 0x200
                0x0000000000000400                _Min_Stack_Size = 0x400

.isr_vector     0x0000000008000000      0x10c
                0x0000000008000000                . = ALIGN (0x4)
 *(.isr_vector)
 .isr_vector    0x0000000008000000      0x10c build/startup_stm32f103xb.o
                0x0000000008000000                g_pfnVectors
                0x000000000800010c                . = ALIGN (0x4)

.text           0x0000000008000110     0x5a1c
                0x0000000008000110                . = ALIGN (0x4)
 *(.text)
 .text          0x0000000008000110       0x40 /home/nazar/gcc-arm/bin/../lib/gcc/arm-none-eabi/10.3.1/thumb/v7-m/nofp/crtbegin.o
 .text          0x0000000008000150       0x10 /home/nazar/gcc-arm/bin/../lib/gcc/arm-none-eabi/10.3.1/../../../../arm-none-eabi/lib/thumb/v7-m/nofp/libc_nano.a(lib_a-strlen.o)
                0x0000000008000150                strlen
 .text          0x0000000008000160      0x378 /home/nazar/gcc-arm/bin/../lib/gcc/arm-none-eabi/10.3.1/thumb/v7-m/nofp/libgcc.a(_arm_addsubdf3.o)
                0x0000000008000160                __aeabi_drsub
                0x0000000008000168                __aeabi_dsub
                0x0000000008000168                __subdf3
                0x000000000800016c                __adddf3
                0x000000000800016c                __aeabi_dadd
                0x00000000080003e4                __aeabi_ui2d
                0x00000000080003e4                __floatunsidf
                0x0000000008000404                __floatsidf
                0x0000000008000404                __aeabi_i2d
                0x0000000008000428                __extendsfdf2
                0x0000000008000428                __aeabi_f2d
                0x000000000800046c                __aeabi_ul2d
                0x000000000800046c                __floatundidf
                0x000000000800047c                __floatdidf
                0x000000000800047c                __aeabi_l2d
 .text          0x00000000080004d8      0x424 /home/nazar/gcc-arm/bin/../lib/gcc/arm-none-eabi/10.3.1/thumb/v7-m/nofp/libgcc.a(_arm_muldivdf3.o)
                0x00000000080004d8                __aeabi_dmul
                0x00000000080004d8                __muldf3
                0x000000000800072c                __aeabi_ddiv
                0x000000000800072c                __divdf3
 .text          0x00000000080008fc      0x110 /home/nazar/gcc-arm/bin/../lib/gcc/arm-none-eabi/10.3.1/thumb/v7-m/nofp/libgcc.a(_arm_cmpdf2.o)
                0x00000000080008fc                __gtdf2
                0x00000000080008fc                __gedf2
                0x0000000008000904                __ltdf2
                0x0000000008000904                __ledf2
                0x000000000800090c                __cmpdf2
                0x000000000800090c                __eqdf2
                0x000000000800090c                __nedf2
                0x0000000008000988                __aeabi_cdrcmple
                0x0000000008000998                __aeabi_cdcmple
                0x0000000008000998                __aeabi_cdcmpeq
                0x00000000080009a8                __aeabi_dcmpeq
                0x00000000080009bc                __aeabi_dcmplt
                0x00000000080009d0                __aeabi_dcmple
                0x00000000080009e4                __aeabi_dcmpge
                0x00000000080009f8                __aeabi_dcmpgt
 .text          0x0000000008000a0c       0x2c /home/nazar/gcc-arm/bin/../lib/gcc/arm-none-eabi/10.3.1/thumb/v7-m/nofp/libgcc.a(_arm_unorddf2.o)
                0x0000000008000a0c                __aeabi_dcmpun
                0x0000000008000a0c                __unorddf2
 .text          0x0000000008000a38       0x50 /home/nazar/gcc-arm/bin/../lib/gcc/arm-none-eabi/10.3.1/thumb/v7-m/nofp/libgcc.a(_arm_fixdfsi.o)
                0x0000000008000a38                __fixdfsi
                0x0000000008000a38                __aeabi_d2iz
 *(.text*)
 .text._init_gpio
                0x0000000008000a88       0x24 build/main.o
 .text.MX_GPIO_Init
                0x0000000008000aac       0xd4 build/main.o
 .text.MX_USART1_UART_Init
                0x0000000008000b80       0x34 build/main.o
 .text.MX_I2C1_Init
                0x0000000008000bb4       0x38 build/main.o
 .text.configure
                0x0000000008000bec       0x98 build/main.o
 .text._serialize_data
                0x0000000008000c84       0x8c build/main.o
 .text.adxl345_routine
                0x0000000008000d10       0xfc build/main.o
 .text._write   0x0000000008000e0c       0x4c build/main.o
                0x0000000008000e0c                _write
 .text.SystemClock_Config_64MHz
                0x0000000008000e58       0x60 build/main.o
                0x0000000008000e58                SystemClock_Config_64MHz
 .text.main     0x0000000008000eb8       0xa8 build/main.o
                0x0000000008000eb8                main
 .text.NMI_Handler
                0x0000000008000f60        0x2 build/stm32f1xx_it.o
                0x0000000008000f60                NMI_Handler
 .text.stupid_delay
                0x0000000008000f62       0x1a build/stm32f1xx_it.o
                0x0000000008000f62                stupid_delay
 .text.HardFault_Handler
                0x0000000008000f7c       0x68 build/stm32f1xx_it.o
                0x0000000008000f7c                HardFault_Handler
 .text.MemManage_Handler
                0x0000000008000fe4        0x2 build/stm32f1xx_it.o
                0x0000000008000fe4                MemManage_Handler
 .text.BusFault_Handler
                0x0000000008000fe6        0x2 build/stm32f1xx_it.o
                0x0000000008000fe6                BusFault_Handler
 .text.UsageFault_Handler
                0x0000000008000fe8        0x2 build/stm32f1xx_it.o
                0x0000000008000fe8                UsageFault_Handler
 .text.SVC_Handler
                0x0000000008000fea        0x2 build/stm32f1xx_it.o
                0x0000000008000fea                SVC_Handler
 .text.DebugMon_Handler
                0x0000000008000fec        0x2 build/stm32f1xx_it.o
                0x0000000008000fec                DebugMon_Handler
 .text.PendSV_Handler
                0x0000000008000fee        0x2 build/stm32f1xx_it.o
                0x0000000008000fee                PendSV_Handler
 .text.SysTick_Handler
                0x0000000008000ff0        0x8 build/stm32f1xx_it.o
                0x0000000008000ff0                SysTick_Handler
 .text.USART1_IRQHandler
                0x0000000008000ff8       0x10 build/stm32f1xx_it.o
                0x0000000008000ff8                USART1_IRQHandler
 .text.HAL_MspInit
                0x0000000008001008       0x44 build/stm32f1xx_hal_msp.o
                0x0000000008001008                HAL_MspInit
 .text.HAL_I2C_MspInit
                0x000000000800104c       0x64 build/stm32f1xx_hal_msp.o
                0x000000000800104c                HAL_I2C_MspInit
 .text.HAL_UART_MspInit
                0x00000000080010b0       0x7c build/stm32f1xx_hal_msp.o
                0x00000000080010b0                HAL_UART_MspInit
 .text.SystemInit
                0x000000000800112c        0x2 build/system_stm32f1xx.o
                0x000000000800112c                SystemInit
 *fill*         0x000000000800112e        0x2 
 .text.HAL_InitTick
                0x0000000008001130       0x4c build/stm32f1xx_hal.o
                0x0000000008001130                HAL_InitTick
 .text.HAL_Init
                0x000000000800117c       0x24 build/stm32f1xx_hal.o
                0x000000000800117c                HAL_Init
 .text.HAL_IncTick
                0x00000000080011a0       0x18 build/stm32f1xx_hal.o
                0x00000000080011a0                HAL_IncTick
 .text.HAL_GetTick
                0x00000000080011b8        0xc build/stm32f1xx_hal.o
                0x00000000080011b8                HAL_GetTick
 .text.HAL_Delay
                0x00000000080011c4       0x28 build/stm32f1xx_hal.o
                0x00000000080011c4                HAL_Delay
 .text.RCC_Delay
                0x00000000080011ec       0x2c build/stm32f1xx_hal_rcc.o
 .text.HAL_RCC_OscConfig
                0x0000000008001218      0x410 build/stm32f1xx_hal_rcc.o
                0x0000000008001218                HAL_RCC_OscConfig
 .text.HAL_RCC_GetSysClockFreq
                0x0000000008001628       0x70 build/stm32f1xx_hal_rcc.o
                0x0000000008001628                HAL_RCC_GetSysClockFreq
 .text.HAL_RCC_ClockConfig
                0x0000000008001698      0x16c build/stm32f1xx_hal_rcc.o
                0x0000000008001698                HAL_RCC_ClockConfig
 .text.HAL_RCC_GetHCLKFreq
                0x0000000008001804        0xc build/stm32f1xx_hal_rcc.o
                0x0000000008001804                HAL_RCC_GetHCLKFreq
 .text.HAL_RCC_GetPCLK1Freq
                0x0000000008001810       0x20 build/stm32f1xx_hal_rcc.o
                0x0000000008001810                HAL_RCC_GetPCLK1Freq
 .text.HAL_RCC_GetPCLK2Freq
                0x0000000008001830       0x20 build/stm32f1xx_hal_rcc.o
                0x0000000008001830                HAL_RCC_GetPCLK2Freq
 .text.HAL_GPIO_Init
                0x0000000008001850      0x224 build/stm32f1xx_hal_gpio.o
                0x0000000008001850                HAL_GPIO_Init
 .text.HAL_GPIO_WritePin
                0x0000000008001a74        0xc build/stm32f1xx_hal_gpio.o
                0x0000000008001a74                HAL_GPIO_WritePin
 .text.HAL_DMA_Abort
                0x0000000008001a80       0x44 build/stm32f1xx_hal_dma.o
                0x0000000008001a80                HAL_DMA_Abort
 .text.HAL_DMA_Abort_IT
                0x0000000008001ac4       0x98 build/stm32f1xx_hal_dma.o
                0x0000000008001ac4                HAL_DMA_Abort_IT
 .text.HAL_NVIC_SetPriorityGrouping
                0x0000000008001b5c       0x24 build/stm32f1xx_hal_cortex.o
                0x0000000008001b5c                HAL_NVIC_SetPriorityGrouping
 .text.HAL_NVIC_SetPriority
                0x0000000008001b80       0x70 build/stm32f1xx_hal_cortex.o
                0x0000000008001b80                HAL_NVIC_SetPriority
 .text.HAL_NVIC_EnableIRQ
                0x0000000008001bf0       0x1c build/stm32f1xx_hal_cortex.o
                0x0000000008001bf0                HAL_NVIC_EnableIRQ
 .text.HAL_SYSTICK_Config
                0x0000000008001c0c       0x28 build/stm32f1xx_hal_cortex.o
                0x0000000008001c0c                HAL_SYSTICK_Config
 .text.UART_EndRxTransfer
                0x0000000008001c34       0x32 build/stm32f1xx_hal_uart.o
 .text.UART_Transmit_IT
                0x0000000008001c66       0x60 build/stm32f1xx_hal_uart.o
 *fill*         0x0000000008001cc6        0x2 
 .text.UART_SetConfig
                0x0000000008001cc8       0x94 build/stm32f1xx_hal_uart.o
 .text.UART_WaitOnFlagUntilTimeout
                0x0000000008001d5c       0x6c build/stm32f1xx_hal_uart.o
 .text.HAL_UART_Init
                0x0000000008001dc8       0x5e build/stm32f1xx_hal_uart.o
                0x0000000008001dc8                HAL_UART_Init
 .text.HAL_UART_Transmit
                0x0000000008001e26       0xd8 build/stm32f1xx_hal_uart.o
                0x0000000008001e26                HAL_UART_Transmit
 .text.HAL_UART_TxCpltCallback
                0x0000000008001efe        0x2 build/stm32f1xx_hal_uart.o
                0x0000000008001efe                HAL_UART_TxCpltCallback
 .text.UART_EndTransmit_IT
                0x0000000008001f00       0x1a build/stm32f1xx_hal_uart.o
 .text.HAL_UART_RxCpltCallback
                0x0000000008001f1a        0x2 build/stm32f1xx_hal_uart.o
                0x0000000008001f1a                HAL_UART_RxCpltCallback
 .text.HAL_UART_ErrorCallback
                0x0000000008001f1c        0x2 build/stm32f1xx_hal_uart.o
                0x0000000008001f1c                HAL_UART_ErrorCallback
 .text.UART_DMAAbortOnError
                0x0000000008001f1e       0x10 build/stm32f1xx_hal_uart.o
 .text.HAL_UARTEx_RxEventCallback
                0x0000000008001f2e        0x2 build/stm32f1xx_hal_uart.o
                0x0000000008001f2e                HAL_UARTEx_RxEventCallback
 .text.UART_Receive_IT
                0x0000000008001f30       0xd4 build/stm32f1xx_hal_uart.o
 .text.HAL_UART_IRQHandler
                0x0000000008002004      0x204 build/stm32f1xx_hal_uart.o
                0x0000000008002004                HAL_UART_IRQHandler
 .text.I2C_IsAcknowledgeFailed
                0x0000000008002208       0x32 build/stm32f1xx_hal_i2c.o
 .text.I2C_WaitOnFlagUntilTimeout
                0x000000000800223a       0x7c build/stm32f1xx_hal_i2c.o
 .text.I2C_WaitOnMasterAddressFlagUntilTimeout
                0x00000000080022b6       0xaa build/stm32f1xx_hal_i2c.o
 .text.I2C_WaitOnTXEFlagUntilTimeout
                0x0000000008002360       0x54 build/stm32f1xx_hal_i2c.o
 .text.I2C_RequestMemoryWrite
                0x00000000080023b4       0xd8 build/stm32f1xx_hal_i2c.o
 .text.I2C_RequestMemoryRead
                0x000000000800248c      0x154 build/stm32f1xx_hal_i2c.o
 .text.I2C_WaitOnBTFFlagUntilTimeout
                0x00000000080025e0       0x54 build/stm32f1xx_hal_i2c.o
 .text.I2C_WaitOnRXNEFlagUntilTimeout
                0x0000000008002634       0x6a build/stm32f1xx_hal_i2c.o
 *fill*         0x000000000800269e        0x2 
 .text.HAL_I2C_Init
                0x00000000080026a0      0x1bc build/stm32f1xx_hal_i2c.o
                0x00000000080026a0                HAL_I2C_Init
 .text.HAL_I2C_Mem_Write
                0x000000000800285c      0x164 build/stm32f1xx_hal_i2c.o
                0x000000000800285c                HAL_I2C_Mem_Write
 .text.HAL_I2C_Mem_Read
                0x00000000080029c0      0x348 build/stm32f1xx_hal_i2c.o
                0x00000000080029c0                HAL_I2C_Mem_Read
 .text.HAL_I2C_IsDeviceReady
                0x0000000008002d08      0x194 build/stm32f1xx_hal_i2c.o
                0x0000000008002d08                HAL_I2C_IsDeviceReady
 .text.Reset_Handler
                0x0000000008002e9c       0x48 build/startup_stm32f103xb.o
                0x0000000008002e9c                Reset_Handler
 .text.Default_Handler
                0x0000000008002ee4        0x2 build/startup_stm32f103xb.o
                0x0000000008002ee4                RTC_Alarm_IRQHandler
                0x0000000008002ee4                EXTI2_IRQHandler
                0x0000000008002ee4                TIM1_CC_IRQHandler
                0x0000000008002ee4                PVD_IRQHandler
                0x0000000008002ee4                EXTI3_IRQHandler
                0x0000000008002ee4                EXTI0_IRQHandler
                0x0000000008002ee4                I2C2_EV_IRQHandler
                0x0000000008002ee4                ADC1_2_IRQHandler
                0x0000000008002ee4                SPI1_IRQHandler
                0x0000000008002ee4                TAMPER_IRQHandler
                0x0000000008002ee4                DMA1_Channel4_IRQHandler
                0x0000000008002ee4                USART3_IRQHandler
                0x0000000008002ee4                RTC_IRQHandler
                0x0000000008002ee4                DMA1_Channel7_IRQHandler
                0x0000000008002ee4                CAN1_RX1_IRQHandler
                0x0000000008002ee4                TIM4_IRQHandler
                0x0000000008002ee4                I2C1_EV_IRQHandler
                0x0000000008002ee4                DMA1_Channel6_IRQHandler
                0x0000000008002ee4                TIM3_IRQHandler
                0x0000000008002ee4                RCC_IRQHandler
                0x0000000008002ee4                TIM1_TRG_COM_IRQHandler
                0x0000000008002ee4                DMA1_Channel1_IRQHandler
                0x0000000008002ee4                Default_Handler
                0x0000000008002ee4                EXTI15_10_IRQHandler
                0x0000000008002ee4                EXTI9_5_IRQHandler
                0x0000000008002ee4                SPI2_IRQHandler
                0x0000000008002ee4                DMA1_Channel5_IRQHandler
                0x0000000008002ee4                EXTI4_IRQHandler
                0x0000000008002ee4                USB_LP_CAN1_RX0_IRQHandler
                0x0000000008002ee4                USB_HP_CAN1_TX_IRQHandler
                0x0000000008002ee4                DMA1_Channel3_IRQHandler
                0x0000000008002ee4                TIM1_UP_IRQHandler
                0x0000000008002ee4                WWDG_IRQHandler
                0x0000000008002ee4                TIM2_IRQHandler
                0x0000000008002ee4                TIM1_BRK_IRQHandler
                0x0000000008002ee4                EXTI1_IRQHandler
                0x0000000008002ee4                USART2_IRQHandler
                0x0000000008002ee4                I2C2_ER_IRQHandler
                0x0000000008002ee4                DMA1_Channel2_IRQHandler
                0x0000000008002ee4                CAN1_SCE_IRQHandler
                0x0000000008002ee4                FLASH_IRQHandler
                0x0000000008002ee4                I2C1_ER_IRQHandler
                0x0000000008002ee4                USBWakeUp_IRQHandler
 *fill*         0x0000000008002ee6        0x2 
 .text.__libc_init_array
                0x0000000008002ee8       0x48 /home/nazar/gcc-arm/bin/../lib/gcc/arm-none-eabi/10.3.1/../../../../arm-none-eabi/lib/thumb/v7-m/nofp/libc_nano.a(lib_a-init.o)
                0x0000000008002ee8                __libc_init_array
 .text.malloc   0x0000000008002f30       0x10 /home/nazar/gcc-arm/bin/../lib/gcc/arm-none-eabi/10.3.1/../../../../arm-none-eabi/lib/thumb/v7-m/nofp/libc_nano.a(lib_a-malloc.o)
                0x0000000008002f30                malloc
 .text.free     0x0000000008002f40       0x10 /home/nazar/gcc-arm/bin/../lib/gcc/arm-none-eabi/10.3.1/../../../../arm-none-eabi/lib/thumb/v7-m/nofp/libc_nano.a(lib_a-malloc.o)
                0x0000000008002f40                free
 .text.memset   0x0000000008002f50       0x10 /home/nazar/gcc-arm/bin/../lib/gcc/arm-none-eabi/10.3.1/../../../../arm-none-eabi/lib/thumb/v7-m/nofp/libc_nano.a(lib_a-memset.o)
                0x0000000008002f50                memset
 .text._free_r  0x0000000008002f60       0x90 /home/nazar/gcc-arm/bin/../lib/gcc/arm-none-eabi/10.3.1/../../../../arm-none-eabi/lib/thumb/v7-m/nofp/libc_nano.a(lib_a-nano-freer.o)
                0x0000000008002f60                _free_r
 .text.sbrk_aligned
                0x0000000008002ff0       0x40 /home/nazar/gcc-arm/bin/../lib/gcc/arm-none-eabi/10.3.1/../../../../arm-none-eabi/lib/thumb/v7-m/nofp/libc_nano.a(lib_a-nano-mallocr.o)
 .text._malloc_r
                0x0000000008003030       0xe8 /home/nazar/gcc-arm/bin/../lib/gcc/arm-none-eabi/10.3.1/../../../../arm-none-eabi/lib/thumb/v7-m/nofp/libc_nano.a(lib_a-nano-mallocr.o)
                0x0000000008003030                _malloc_r
 .text.__cvt    0x0000000008003118       0xbe /home/nazar/gcc-arm/bin/../lib/gcc/arm-none-eabi/10.3.1/../../../../arm-none-eabi/lib/thumb/v7-m/nofp/libc_nano.a(lib_a-nano-vfprintf_float.o)
                0x0000000008003118                __cvt
 .text.__exponent
                0x00000000080031d6       0x7c /home/nazar/gcc-arm/bin/../lib/gcc/arm-none-eabi/10.3.1/../../../../arm-none-eabi/lib/thumb/v7-m/nofp/libc_nano.a(lib_a-nano-vfprintf_float.o)
                0x00000000080031d6                __exponent
 *fill*         0x0000000008003252        0x2 
 .text._printf_float
                0x0000000008003254      0x458 /home/nazar/gcc-arm/bin/../lib/gcc/arm-none-eabi/10.3.1/../../../../arm-none-eabi/lib/thumb/v7-m/nofp/libc_nano.a(lib_a-nano-vfprintf_float.o)
                0x0000000008003254                _printf_float
 .text._printf_common
                0x00000000080036ac       0xde /home/nazar/gcc-arm/bin/../lib/gcc/arm-none-eabi/10.3.1/../../../../arm-none-eabi/lib/thumb/v7-m/nofp/libc_nano.a(lib_a-nano-vfprintf_i.o)
                0x00000000080036ac                _printf_common
 *fill*         0x000000000800378a        0x2 
 .text._printf_i
                0x000000000800378c      0x24c /home/nazar/gcc-arm/bin/../lib/gcc/arm-none-eabi/10.3.1/../../../../arm-none-eabi/lib/thumb/v7-m/nofp/libc_nano.a(lib_a-nano-vfprintf_i.o)
                0x000000000800378c                _printf_i
 .text.printf   0x00000000080039d8       0x30 /home/nazar/gcc-arm/bin/../lib/gcc/arm-none-eabi/10.3.1/../../../../arm-none-eabi/lib/thumb/v7-m/nofp/libc_nano.a(lib_a-printf.o)
                0x00000000080039d8                printf
                0x00000000080039d8                iprintf
 .text._puts_r  0x0000000008003a08       0xdc /home/nazar/gcc-arm/bin/../lib/gcc/arm-none-eabi/10.3.1/../../../../arm-none-eabi/lib/thumb/v7-m/nofp/libc_nano.a(lib_a-puts.o)
                0x0000000008003a08                _puts_r
 .text.puts     0x0000000008003ae4       0x10 /home/nazar/gcc-arm/bin/../lib/gcc/arm-none-eabi/10.3.1/../../../../arm-none-eabi/lib/thumb/v7-m/nofp/libc_nano.a(lib_a-puts.o)
                0x0000000008003ae4                puts
 .text._sbrk_r  0x0000000008003af4       0x20 /home/nazar/gcc-arm/bin/../lib/gcc/arm-none-eabi/10.3.1/../../../../arm-none-eabi/lib/thumb/v7-m/nofp/libc_nano.a(lib_a-sbrkr.o)
                0x0000000008003af4                _sbrk_r
 .text.__swbuf_r
                0x0000000008003b14       0xa4 /home/nazar/gcc-arm/bin/../lib/gcc/arm-none-eabi/10.3.1/../../../../arm-none-eabi/lib/thumb/v7-m/nofp/libc_nano.a(lib_a-wbuf.o)
                0x0000000008003b14                __swbuf_r
 .text.__swsetup_r
                0x0000000008003bb8       0xdc /home/nazar/gcc-arm/bin/../lib/gcc/arm-none-eabi/10.3.1/../../../../arm-none-eabi/lib/thumb/v7-m/nofp/libc_nano.a(lib_a-wsetup.o)
                0x0000000008003bb8                __swsetup_r
 .text.quorem   0x0000000008003c94      0x118 /home/nazar/gcc-arm/bin/../lib/gcc/arm-none-eabi/10.3.1/../../../../arm-none-eabi/lib/thumb/v7-m/nofp/libc_nano.a(lib_a-dtoa.o)
 *fill*         0x0000000008003dac        0x4 
 .text._dtoa_r  0x0000000008003db0      0xbdc /home/nazar/gcc-arm/bin/../lib/gcc/arm-none-eabi/10.3.1/../../../../arm-none-eabi/lib/thumb/v7-m/nofp/libc_nano.a(lib_a-dtoa.o)
                0x0000000008003db0                _dtoa_r
 .text.__sflush_r
                0x000000000800498c      0x104 /home/nazar/gcc-arm/bin/../lib/gcc/arm-none-eabi/10.3.1/../../../../arm-none-eabi/lib/thumb/v7-m/nofp/libc_nano.a(lib_a-fflush.o)
                0x000000000800498c                __sflush_r
 .text._fflush_r
                0x0000000008004a90       0x78 /home/nazar/gcc-arm/bin/../lib/gcc/arm-none-eabi/10.3.1/../../../../arm-none-eabi/lib/thumb/v7-m/nofp/libc_nano.a(lib_a-fflush.o)
                0x0000000008004a90                _fflush_r
 .text.std      0x0000000008004b08       0x48 /home/nazar/gcc-arm/bin/../lib/gcc/arm-none-eabi/10.3.1/../../../../arm-none-eabi/lib/thumb/v7-m/nofp/libc_nano.a(lib_a-findfp.o)
 .text._cleanup_r
                0x0000000008004b50        0xc /home/nazar/gcc-arm/bin/../lib/gcc/arm-none-eabi/10.3.1/../../../../arm-none-eabi/lib/thumb/v7-m/nofp/libc_nano.a(lib_a-findfp.o)
                0x0000000008004b50                _cleanup_r
 .text.__sfmoreglue
                0x0000000008004b5c       0x2c /home/nazar/gcc-arm/bin/../lib/gcc/arm-none-eabi/10.3.1/../../../../arm-none-eabi/lib/thumb/v7-m/nofp/libc_nano.a(lib_a-findfp.o)
                0x0000000008004b5c                __sfmoreglue
 .text.__sfp_lock_acquire
                0x0000000008004b88        0xc /home/nazar/gcc-arm/bin/../lib/gcc/arm-none-eabi/10.3.1/../../../../arm-none-eabi/lib/thumb/v7-m/nofp/libc_nano.a(lib_a-findfp.o)
                0x0000000008004b88                __sfp_lock_acquire
 .text.__sfp_lock_release
                0x0000000008004b94        0xc /home/nazar/gcc-arm/bin/../lib/gcc/arm-none-eabi/10.3.1/../../../../arm-none-eabi/lib/thumb/v7-m/nofp/libc_nano.a(lib_a-findfp.o)
                0x0000000008004b94                __sfp_lock_release
 .text.__sinit_lock_acquire
                0x0000000008004ba0        0xc /home/nazar/gcc-arm/bin/../lib/gcc/arm-none-eabi/10.3.1/../../../../arm-none-eabi/lib/thumb/v7-m/nofp/libc_nano.a(lib_a-findfp.o)
                0x0000000008004ba0                __sinit_lock_acquire
 .text.__sinit_lock_release
                0x0000000008004bac        0xc /home/nazar/gcc-arm/bin/../lib/gcc/arm-none-eabi/10.3.1/../../../../arm-none-eabi/lib/thumb/v7-m/nofp/libc_nano.a(lib_a-findfp.o)
                0x0000000008004bac                __sinit_lock_release
 .text.__sinit  0x0000000008004bb8       0x70 /home/nazar/gcc-arm/bin/../lib/gcc/arm-none-eabi/10.3.1/../../../../arm-none-eabi/lib/thumb/v7-m/nofp/libc_nano.a(lib_a-findfp.o)
                0x0000000008004bb8                __sinit
 .text.__sfp    0x0000000008004c28       0x8c /home/nazar/gcc-arm/bin/../lib/gcc/arm-none-eabi/10.3.1/../../../../arm-none-eabi/lib/thumb/v7-m/nofp/libc_nano.a(lib_a-findfp.o)
                0x0000000008004c28                __sfp
 .text._fwalk_reent
                0x0000000008004cb4       0x3e /home/nazar/gcc-arm/bin/../lib/gcc/arm-none-eabi/10.3.1/../../../../arm-none-eabi/lib/thumb/v7-m/nofp/libc_nano.a(lib_a-fwalk.o)
                0x0000000008004cb4                _fwalk_reent
 *fill*         0x0000000008004cf2        0x2 
 .text._localeconv_r
                0x0000000008004cf4        0x8 /home/nazar/gcc-arm/bin/../lib/gcc/arm-none-eabi/10.3.1/../../../../arm-none-eabi/lib/thumb/v7-m/nofp/libc_nano.a(lib_a-localeconv.o)
                0x0000000008004cf4                _localeconv_r
 .text.__retarget_lock_init_recursive
                0x0000000008004cfc        0x2 /home/nazar/gcc-arm/bin/../lib/gcc/arm-none-eabi/10.3.1/../../../../arm-none-eabi/lib/thumb/v7-m/nofp/libc_nano.a(lib_a-lock.o)
                0x0000000008004cfc                __retarget_lock_init_recursive
 .text.__retarget_lock_acquire_recursive
                0x0000000008004cfe        0x2 /home/nazar/gcc-arm/bin/../lib/gcc/arm-none-eabi/10.3.1/../../../../arm-none-eabi/lib/thumb/v7-m/nofp/libc_nano.a(lib_a-lock.o)
                0x0000000008004cfe                __retarget_lock_acquire_recursive
 .text.__retarget_lock_release_recursive
                0x0000000008004d00        0x2 /home/nazar/gcc-arm/bin/../lib/gcc/arm-none-eabi/10.3.1/../../../../arm-none-eabi/lib/thumb/v7-m/nofp/libc_nano.a(lib_a-lock.o)
                0x0000000008004d00                __retarget_lock_release_recursive
 .text.__swhatbuf_r
                0x0000000008004d02       0x4a /home/nazar/gcc-arm/bin/../lib/gcc/arm-none-eabi/10.3.1/../../../../arm-none-eabi/lib/thumb/v7-m/nofp/libc_nano.a(lib_a-makebuf.o)
                0x0000000008004d02                __swhatbuf_r
 .text.__smakebuf_r
                0x0000000008004d4c       0x80 /home/nazar/gcc-arm/bin/../lib/gcc/arm-none-eabi/10.3.1/../../../../arm-none-eabi/lib/thumb/v7-m/nofp/libc_nano.a(lib_a-makebuf.o)
                0x0000000008004d4c                __smakebuf_r
 .text.memchr   0x0000000008004dcc       0x1c /home/nazar/gcc-arm/bin/../lib/gcc/arm-none-eabi/10.3.1/../../../../arm-none-eabi/lib/thumb/v7-m/nofp/libc_nano.a(lib_a-memchr-stub.o)
                0x0000000008004dcc                memchr
 .text.memcpy   0x0000000008004de8       0x1c /home/nazar/gcc-arm/bin/../lib/gcc/arm-none-eabi/10.3.1/../../../../arm-none-eabi/lib/thumb/v7-m/nofp/libc_nano.a(lib_a-memcpy-stub.o)
                0x0000000008004de8                memcpy
 .text.__malloc_lock
                0x0000000008004e04        0xc /home/nazar/gcc-arm/bin/../lib/gcc/arm-none-eabi/10.3.1/../../../../arm-none-eabi/lib/thumb/v7-m/nofp/libc_nano.a(lib_a-mlock.o)
                0x0000000008004e04                __malloc_lock
 .text.__malloc_unlock
                0x0000000008004e10        0xc /home/nazar/gcc-arm/bin/../lib/gcc/arm-none-eabi/10.3.1/../../../../arm-none-eabi/lib/thumb/v7-m/nofp/libc_nano.a(lib_a-mlock.o)
                0x0000000008004e10                __malloc_unlock
 .text._Balloc  0x0000000008004e1c       0x80 /home/nazar/gcc-arm/bin/../lib/gcc/arm-none-eabi/10.3.1/../../../../arm-none-eabi/lib/thumb/v7-m/nofp/libc_nano.a(lib_a-mprec.o)
                0x0000000008004e1c                _Balloc
 .text._Bfree   0x0000000008004e9c       0x44 /home/nazar/gcc-arm/bin/../lib/gcc/arm-none-eabi/10.3.1/../../../../arm-none-eabi/lib/thumb/v7-m/nofp/libc_nano.a(lib_a-mprec.o)
                0x0000000008004e9c                _Bfree
 .text.__multadd
                0x0000000008004ee0       0x8c /home/nazar/gcc-arm/bin/../lib/gcc/arm-none-eabi/10.3.1/../../../../arm-none-eabi/lib/thumb/v7-m/nofp/libc_nano.a(lib_a-mprec.o)
                0x0000000008004ee0                __multadd
 .text.__hi0bits
                0x0000000008004f6c       0x40 /home/nazar/gcc-arm/bin/../lib/gcc/arm-none-eabi/10.3.1/../../../../arm-none-eabi/lib/thumb/v7-m/nofp/libc_nano.a(lib_a-mprec.o)
                0x0000000008004f6c                __hi0bits
 .text.__lo0bits
                0x0000000008004fac       0x5a /home/nazar/gcc-arm/bin/../lib/gcc/arm-none-eabi/10.3.1/../../../../arm-none-eabi/lib/thumb/v7-m/nofp/libc_nano.a(lib_a-mprec.o)
                0x0000000008004fac                __lo0bits
 *fill*         0x0000000008005006        0x2 
 .text.__i2b    0x0000000008005008       0x2c /home/nazar/gcc-arm/bin/../lib/gcc/arm-none-eabi/10.3.1/../../../../arm-none-eabi/lib/thumb/v7-m/nofp/libc_nano.a(lib_a-mprec.o)
                0x0000000008005008                __i2b
 .text.__multiply
                0x0000000008005034      0x150 /home/nazar/gcc-arm/bin/../lib/gcc/arm-none-eabi/10.3.1/../../../../arm-none-eabi/lib/thumb/v7-m/nofp/libc_nano.a(lib_a-mprec.o)
                0x0000000008005034                __multiply
 .text.__pow5mult
                0x0000000008005184       0xb4 /home/nazar/gcc-arm/bin/../lib/gcc/arm-none-eabi/10.3.1/../../../../arm-none-eabi/lib/thumb/v7-m/nofp/libc_nano.a(lib_a-mprec.o)
                0x0000000008005184                __pow5mult
 .text.__lshift
                0x0000000008005238       0xe0 /home/nazar/gcc-arm/bin/../lib/gcc/arm-none-eabi/10.3.1/../../../../arm-none-eabi/lib/thumb/v7-m/nofp/libc_nano.a(lib_a-mprec.o)
                0x0000000008005238                __lshift
 .text.__mcmp   0x0000000008005318       0x36 /home/nazar/gcc-arm/bin/../lib/gcc/arm-none-eabi/10.3.1/../../../../arm-none-eabi/lib/thumb/v7-m/nofp/libc_nano.a(lib_a-mprec.o)
                0x0000000008005318                __mcmp
 *fill*         0x000000000800534e        0x2 
 .text.__mdiff  0x0000000008005350      0x118 /home/nazar/gcc-arm/bin/../lib/gcc/arm-none-eabi/10.3.1/../../../../arm-none-eabi/lib/thumb/v7-m/nofp/libc_nano.a(lib_a-mprec.o)
                0x0000000008005350                __mdiff
 .text.__d2b    0x0000000008005468       0xb8 /home/nazar/gcc-arm/bin/../lib/gcc/arm-none-eabi/10.3.1/../../../../arm-none-eabi/lib/thumb/v7-m/nofp/libc_nano.a(lib_a-mprec.o)
                0x0000000008005468                __d2b
 .text._calloc_r
                0x0000000008005520       0x28 /home/nazar/gcc-arm/bin/../lib/gcc/arm-none-eabi/10.3.1/../../../../arm-none-eabi/lib/thumb/v7-m/nofp/libc_nano.a(lib_a-nano-callocr.o)
                0x0000000008005520                _calloc_r
 .text.__sfputc_r
                0x0000000008005548       0x2a /home/nazar/gcc-arm/bin/../lib/gcc/arm-none-eabi/10.3.1/../../../../arm-none-eabi/lib/thumb/v7-m/nofp/libc_nano.a(lib_a-nano-vfprintf.o)
 .text.__sfputs_r
                0x0000000008005572       0x24 /home/nazar/gcc-arm/bin/../lib/gcc/arm-none-eabi/10.3.1/../../../../arm-none-eabi/lib/thumb/v7-m/nofp/libc_nano.a(lib_a-nano-vfprintf.o)
                0x0000000008005572                __sfputs_r
 *fill*         0x0000000008005596        0x2 
 .text._vfprintf_r
                0x0000000008005598      0x260 /home/nazar/gcc-arm/bin/../lib/gcc/arm-none-eabi/10.3.1/../../../../arm-none-eabi/lib/thumb/v7-m/nofp/libc_nano.a(lib_a-nano-vfprintf.o)
                0x0000000008005598                _vfiprintf_r
                0x0000000008005598                _vfprintf_r
 .text.__sread  0x00000000080057f8       0x22 /home/nazar/gcc-arm/bin/../lib/gcc/arm-none-eabi/10.3.1/../../../../arm-none-eabi/lib/thumb/v7-m/nofp/libc_nano.a(lib_a-stdio.o)
                0x00000000080057f8                __sread
 .text.__swrite
                0x000000000800581a       0x38 /home/nazar/gcc-arm/bin/../lib/gcc/arm-none-eabi/10.3.1/../../../../arm-none-eabi/lib/thumb/v7-m/nofp/libc_nano.a(lib_a-stdio.o)
                0x000000000800581a                __swrite
 .text.__sseek  0x0000000008005852       0x24 /home/nazar/gcc-arm/bin/../lib/gcc/arm-none-eabi/10.3.1/../../../../arm-none-eabi/lib/thumb/v7-m/nofp/libc_nano.a(lib_a-stdio.o)
                0x0000000008005852                __sseek
 .text.__sclose
                0x0000000008005876        0x8 /home/nazar/gcc-arm/bin/../lib/gcc/arm-none-eabi/10.3.1/../../../../arm-none-eabi/lib/thumb/v7-m/nofp/libc_nano.a(lib_a-stdio.o)
                0x0000000008005876                __sclose
 *fill*         0x000000000800587e        0x2 
 .text._write_r
                0x0000000008005880       0x24 /home/nazar/gcc-arm/bin/../lib/gcc/arm-none-eabi/10.3.1/../../../../arm-none-eabi/lib/thumb/v7-m/nofp/libc_nano.a(lib_a-writer.o)
                0x0000000008005880                _write_r
 .text.__assert_func
                0x00000000080058a4       0x3c /home/nazar/gcc-arm/bin/../lib/gcc/arm-none-eabi/10.3.1/../../../../arm-none-eabi/lib/thumb/v7-m/nofp/libc_nano.a(lib_a-assert.o)
                0x00000000080058a4                __assert_func
 .text._close_r
                0x00000000080058e0       0x20 /home/nazar/gcc-arm/bin/../lib/gcc/arm-none-eabi/10.3.1/../../../../arm-none-eabi/lib/thumb/v7-m/nofp/libc_nano.a(lib_a-closer.o)
                0x00000000080058e0                _close_r
 .text.fprintf  0x0000000008005900       0x24 /home/nazar/gcc-arm/bin/../lib/gcc/arm-none-eabi/10.3.1/../../../../arm-none-eabi/lib/thumb/v7-m/nofp/libc_nano.a(lib_a-fprintf.o)
                0x0000000008005900                fprintf
                0x0000000008005900                fiprintf
 .text._fstat_r
                0x0000000008005924       0x24 /home/nazar/gcc-arm/bin/../lib/gcc/arm-none-eabi/10.3.1/../../../../arm-none-eabi/lib/thumb/v7-m/nofp/libc_nano.a(lib_a-fstatr.o)
                0x0000000008005924                _fstat_r
 .text._isatty_r
                0x0000000008005948       0x20 /home/nazar/gcc-arm/bin/../lib/gcc/arm-none-eabi/10.3.1/../../../../arm-none-eabi/lib/thumb/v7-m/nofp/libc_nano.a(lib_a-isattyr.o)
                0x0000000008005948                _isatty_r
 .text._lseek_r
                0x0000000008005968       0x24 /home/nazar/gcc-arm/bin/../lib/gcc/arm-none-eabi/10.3.1/../../../../arm-none-eabi/lib/thumb/v7-m/nofp/libc_nano.a(lib_a-lseekr.o)
                0x0000000008005968                _lseek_r
 .text.__ascii_mbtowc
                0x000000000800598c       0x24 /home/nazar/gcc-arm/bin/../lib/gcc/arm-none-eabi/10.3.1/../../../../arm-none-eabi/lib/thumb/v7-m/nofp/libc_nano.a(lib_a-mbtowc_r.o)
                0x000000000800598c                __ascii_mbtowc
 .text._read_r  0x00000000080059b0       0x24 /home/nazar/gcc-arm/bin/../lib/gcc/arm-none-eabi/10.3.1/../../../../arm-none-eabi/lib/thumb/v7-m/nofp/libc_nano.a(lib_a-readr.o)
                0x00000000080059b0                _read_r
 .text.__ascii_wctomb
                0x00000000080059d4       0x1a /home/nazar/gcc-arm/bin/../lib/gcc/arm-none-eabi/10.3.1/../../../../arm-none-eabi/lib/thumb/v7-m/nofp/libc_nano.a(lib_a-wctomb_r.o)
                0x00000000080059d4                __ascii_wctomb
 .text.abort    0x00000000080059ee        0xe /home/nazar/gcc-arm/bin/../lib/gcc/arm-none-eabi/10.3.1/../../../../arm-none-eabi/lib/thumb/v7-m/nofp/libc_nano.a(lib_a-abort.o)
                0x00000000080059ee                abort
 .text._raise_r
                0x00000000080059fc       0x50 /home/nazar/gcc-arm/bin/../lib/gcc/arm-none-eabi/10.3.1/../../../../arm-none-eabi/lib/thumb/v7-m/nofp/libc_nano.a(lib_a-signal.o)
                0x00000000080059fc                _raise_r
 .text.raise    0x0000000008005a4c       0x10 /home/nazar/gcc-arm/bin/../lib/gcc/arm-none-eabi/10.3.1/../../../../arm-none-eabi/lib/thumb/v7-m/nofp/libc_nano.a(lib_a-signal.o)
                0x0000000008005a4c                raise
 .text._kill_r  0x0000000008005a5c       0x24 /home/nazar/gcc-arm/bin/../lib/gcc/arm-none-eabi/10.3.1/../../../../arm-none-eabi/lib/thumb/v7-m/nofp/libc_nano.a(lib_a-signalr.o)
                0x0000000008005a5c                _kill_r
 .text._getpid_r
                0x0000000008005a80        0x4 /home/nazar/gcc-arm/bin/../lib/gcc/arm-none-eabi/10.3.1/../../../../arm-none-eabi/lib/thumb/v7-m/nofp/libc_nano.a(lib_a-signalr.o)
                0x0000000008005a80                _getpid_r
 .text._close   0x0000000008005a84       0x10 /home/nazar/gcc-arm/bin/../lib/gcc/arm-none-eabi/10.3.1/../../../../arm-none-eabi/lib/thumb/v7-m/nofp/libnosys.a(close.o)
                0x0000000008005a84                _close
 .text._fstat   0x0000000008005a94       0x10 /home/nazar/gcc-arm/bin/../lib/gcc/arm-none-eabi/10.3.1/../../../../arm-none-eabi/lib/thumb/v7-m/nofp/libnosys.a(fstat.o)
                0x0000000008005a94                _fstat
 .text._getpid  0x0000000008005aa4       0x10 /home/nazar/gcc-arm/bin/../lib/gcc/arm-none-eabi/10.3.1/../../../../arm-none-eabi/lib/thumb/v7-m/nofp/libnosys.a(getpid.o)
                0x0000000008005aa4                _getpid
 .text._isatty  0x0000000008005ab4       0x10 /home/nazar/gcc-arm/bin/../lib/gcc/arm-none-eabi/10.3.1/../../../../arm-none-eabi/lib/thumb/v7-m/nofp/libnosys.a(isatty.o)
                0x0000000008005ab4                _isatty
 .text._kill    0x0000000008005ac4       0x10 /home/nazar/gcc-arm/bin/../lib/gcc/arm-none-eabi/10.3.1/../../../../arm-none-eabi/lib/thumb/v7-m/nofp/libnosys.a(kill.o)
                0x0000000008005ac4                _kill
 .text._lseek   0x0000000008005ad4       0x10 /home/nazar/gcc-arm/bin/../lib/gcc/arm-none-eabi/10.3.1/../../../../arm-none-eabi/lib/thumb/v7-m/nofp/libnosys.a(lseek.o)
                0x0000000008005ad4                _lseek
 .text._read    0x0000000008005ae4       0x10 /home/nazar/gcc-arm/bin/../lib/gcc/arm-none-eabi/10.3.1/../../../../arm-none-eabi/lib/thumb/v7-m/nofp/libnosys.a(read.o)
                0x0000000008005ae4                _read
 .text._sbrk    0x0000000008005af4       0x1c /home/nazar/gcc-arm/bin/../lib/gcc/arm-none-eabi/10.3.1/../../../../arm-none-eabi/lib/thumb/v7-m/nofp/libnosys.a(sbrk.o)
                0x0000000008005af4                _sbrk
 .text._exit    0x0000000008005b10        0x4 /home/nazar/gcc-arm/bin/../lib/gcc/arm-none-eabi/10.3.1/../../../../arm-none-eabi/lib/thumb/v7-m/nofp/libnosys.a(_exit.o)
                0x0000000008005b10                _exit
 *(.glue_7)
 .glue_7        0x0000000008005b14        0x0 linker stubs
 *(.glue_7t)
 .glue_7t       0x0000000008005b14        0x0 linker stubs
 *(.eh_frame)
 .eh_frame      0x0000000008005b14        0x0 /home/nazar/gcc-arm/bin/../lib/gcc/arm-none-eabi/10.3.1/thumb/v7-m/nofp/crtbegin.o
 *(.init)
 .init          0x0000000008005b14        0x4 /home/nazar/gcc-arm/bin/../lib/gcc/arm-none-eabi/10.3.1/thumb/v7-m/nofp/crti.o
                0x0000000008005b14                _init
 .init          0x0000000008005b18        0x8 /home/nazar/gcc-arm/bin/../lib/gcc/arm-none-eabi/10.3.1/thumb/v7-m/nofp/crtn.o
 *(.fini)
 .fini          0x0000000008005b20        0x4 /home/nazar/gcc-arm/bin/../lib/gcc/arm-none-eabi/10.3.1/thumb/v7-m/nofp/crti.o
                0x0000000008005b20                _fini
 .fini          0x0000000008005b24        0x8 /home/nazar/gcc-arm/bin/../lib/gcc/arm-none-eabi/10.3.1/thumb/v7-m/nofp/crtn.o
                0x0000000008005b2c                . = ALIGN (0x4)
                0x0000000008005b2c                _etext = .

.vfp11_veneer   0x0000000008005b2c        0x0
 .vfp11_veneer  0x0000000008005b2c        0x0 linker stubs

.v4_bx          0x0000000008005b2c        0x0
 .v4_bx         0x0000000008005b2c        0x0 linker stubs

.iplt           0x0000000008005b2c        0x0
 .iplt          0x0000000008005b2c        0x0 /home/nazar/gcc-arm/bin/../lib/gcc/arm-none-eabi/10.3.1/thumb/v7-m/nofp/crtbegin.o

.rodata         0x0000000008005b30      0x48c
                0x0000000008005b30                . = ALIGN (0x4)
 *(.rodata)
 .rodata        0x0000000008005b30        0x2 build/main.o
 *(.rodata*)
 *fill*         0x0000000008005b32        0x2 
 .rodata.adxl345_routine.str1.4
                0x0000000008005b34       0x35 build/main.o
 *fill*         0x0000000008005b69        0x3 
 .rodata.main.str1.4
                0x0000000008005b6c        0x4 build/main.o
 .rodata.AHBPrescTable
                0x0000000008005b70       0x10 build/system_stm32f1xx.o
                0x0000000008005b70                AHBPrescTable
 .rodata.APBPrescTable
                0x0000000008005b80        0x8 build/system_stm32f1xx.o
                0x0000000008005b80                APBPrescTable
 .rodata.HAL_RCC_GetSysClockFreq.str1.4
                0x0000000008005b88       0x11 build/stm32f1xx_hal_rcc.o
 *fill*         0x0000000008005b99        0x3 
 .rodata._global_impure_ptr
                0x0000000008005b9c        0x4 /home/nazar/gcc-arm/bin/../lib/gcc/arm-none-eabi/10.3.1/../../../../arm-none-eabi/lib/thumb/v7-m/nofp/libc_nano.a(lib_a-impure.o)
                0x0000000008005b9c                _global_impure_ptr
 .rodata._printf_float.str1.1
                0x0000000008005ba0       0x12 /home/nazar/gcc-arm/bin/../lib/gcc/arm-none-eabi/10.3.1/../../../../arm-none-eabi/lib/thumb/v7-m/nofp/libc_nano.a(lib_a-nano-vfprintf_float.o)
 .rodata._printf_i.str1.1
                0x0000000008005bb2       0x22 /home/nazar/gcc-arm/bin/../lib/gcc/arm-none-eabi/10.3.1/../../../../arm-none-eabi/lib/thumb/v7-m/nofp/libc_nano.a(lib_a-nano-vfprintf_i.o)
 .rodata._dtoa_r.str1.1
                0x0000000008005bd4       0xb3 /home/nazar/gcc-arm/bin/../lib/gcc/arm-none-eabi/10.3.1/../../../../arm-none-eabi/lib/thumb/v7-m/nofp/libc_nano.a(lib_a-dtoa.o)
                                         0xb5 (size before relaxing)
 *fill*         0x0000000008005c87        0x1 
 .rodata.__sf_fake_stderr
                0x0000000008005c88       0x20 /home/nazar/gcc-arm/bin/../lib/gcc/arm-none-eabi/10.3.1/../../../../arm-none-eabi/lib/thumb/v7-m/nofp/libc_nano.a(lib_a-findfp.o)
                0x0000000008005c88                __sf_fake_stderr
 .rodata.__sf_fake_stdin
                0x0000000008005ca8       0x20 /home/nazar/gcc-arm/bin/../lib/gcc/arm-none-eabi/10.3.1/../../../../arm-none-eabi/lib/thumb/v7-m/nofp/libc_nano.a(lib_a-findfp.o)
                0x0000000008005ca8                __sf_fake_stdin
 .rodata.__sf_fake_stdout
                0x0000000008005cc8       0x20 /home/nazar/gcc-arm/bin/../lib/gcc/arm-none-eabi/10.3.1/../../../../arm-none-eabi/lib/thumb/v7-m/nofp/libc_nano.a(lib_a-findfp.o)
                0x0000000008005cc8                __sf_fake_stdout
 .rodata._Balloc.str1.1
                0x0000000008005ce8       0x7f /home/nazar/gcc-arm/bin/../lib/gcc/arm-none-eabi/10.3.1/../../../../arm-none-eabi/lib/thumb/v7-m/nofp/libc_nano.a(lib_a-mprec.o)
                                         0x96 (size before relaxing)
 .rodata.__multadd.str1.1
                0x0000000008005d67       0x11 /home/nazar/gcc-arm/bin/../lib/gcc/arm-none-eabi/10.3.1/../../../../arm-none-eabi/lib/thumb/v7-m/nofp/libc_nano.a(lib_a-mprec.o)
 *fill*         0x0000000008005d67        0x1 
 .rodata.__mprec_bigtens
                0x0000000008005d68       0x28 /home/nazar/gcc-arm/bin/../lib/gcc/arm-none-eabi/10.3.1/../../../../arm-none-eabi/lib/thumb/v7-m/nofp/libc_nano.a(lib_a-mprec.o)
                0x0000000008005d68                __mprec_bigtens
 .rodata.__mprec_tens
                0x0000000008005d90       0xc8 /home/nazar/gcc-arm/bin/../lib/gcc/arm-none-eabi/10.3.1/../../../../arm-none-eabi/lib/thumb/v7-m/nofp/libc_nano.a(lib_a-mprec.o)
                0x0000000008005d90                __mprec_tens
 .rodata.p05.0  0x0000000008005e58        0xc /home/nazar/gcc-arm/bin/../lib/gcc/arm-none-eabi/10.3.1/../../../../arm-none-eabi/lib/thumb/v7-m/nofp/libc_nano.a(lib_a-mprec.o)
 .rodata._vfprintf_r.str1.1
                0x0000000008005e64       0x11 /home/nazar/gcc-arm/bin/../lib/gcc/arm-none-eabi/10.3.1/../../../../arm-none-eabi/lib/thumb/v7-m/nofp/libc_nano.a(lib_a-nano-vfprintf.o)
 .rodata.__assert_func.str1.1
                0x0000000008005e75       0x3c /home/nazar/gcc-arm/bin/../lib/gcc/arm-none-eabi/10.3.1/../../../../arm-none-eabi/lib/thumb/v7-m/nofp/libc_nano.a(lib_a-assert.o)
                                         0x3d (size before relaxing)
 .rodata._setlocale_r.str1.1
                0x0000000008005eb1        0x8 /home/nazar/gcc-arm/bin/../lib/gcc/arm-none-eabi/10.3.1/../../../../arm-none-eabi/lib/thumb/v7-m/nofp/libc_nano.a(lib_a-locale.o)
                                          0x9 (size before relaxing)
 .rodata.str1.1
                0x0000000008005eb9        0x2 /home/nazar/gcc-arm/bin/../lib/gcc/arm-none-eabi/10.3.1/../../../../arm-none-eabi/lib/thumb/v7-m/nofp/libc_nano.a(lib_a-locale.o)
 .rodata._ctype_
                0x0000000008005ebb      0x101 /home/nazar/gcc-arm/bin/../lib/gcc/arm-none-eabi/10.3.1/../../../../arm-none-eabi/lib/thumb/v7-m/nofp/libc_nano.a(lib_a-ctype_.o)
                0x0000000008005ebb                _ctype_
                0x0000000008005fbc                . = ALIGN (0x4)

.rel.dyn        0x0000000008005fbc        0x0
 .rel.iplt      0x0000000008005fbc        0x0 /home/nazar/gcc-arm/bin/../lib/gcc/arm-none-eabi/10.3.1/thumb/v7-m/nofp/crtbegin.o

.ARM.extab
 *(.ARM.extab* .gnu.linkonce.armextab.*)

.ARM            0x0000000008005fbc        0x0
                0x0000000008005fbc                __exidx_start = .
 *(.ARM.exidx*)
                0x0000000008005fbc                __exidx_end = .

.preinit_array  0x0000000008005fbc        0x0
                0x0000000008005fbc                PROVIDE (__preinit_array_start = .)
 *(.preinit_array*)
                0x0000000008005fbc                PROVIDE (__preinit_array_end = .)

.init_array     0x0000000008005fbc        0x4
                0x0000000008005fbc                PROVIDE (__init_array_start = .)
 *(SORT_BY_NAME(.init_array.*))
 *(.init_array*)
 .init_array    0x0000000008005fbc        0x4 /home/nazar/gcc-arm/bin/../lib/gcc/arm-none-eabi/10.3.1/thumb/v7-m/nofp/crtbegin.o
                0x0000000008005fc0                PROVIDE (__init_array_end = .)

.fini_array     0x0000000008005fc0        0x4
                [!provide]                        PROVIDE (__fini_array_start = .)
 *(SORT_BY_NAME(.fini_array.*))
 *(.fini_array*)
 .fini_array    0x0000000008005fc0        0x4 /home/nazar/gcc-arm/bin/../lib/gcc/arm-none-eabi/10.3.1/thumb/v7-m/nofp/crtbegin.o
                [!provide]                        PROVIDE (__fini_array_end = .)
                0x0000000008005fc4                _sidata = LOADADDR (.data)

.data           0x0000000020000000      0x1dc load address 0x0000000008005fc4
                0x0000000020000000                . = ALIGN (0x4)
                0x0000000020000000                _sdata = .
 *(.data)
 *(.data*)
 .data.SystemCoreClock
                0x0000000020000000        0x4 build/system_stm32f1xx.o
                0x0000000020000000                SystemCoreClock
 .data.uwTickFreq
                0x0000000020000004        0x1 build/stm32f1xx_hal.o
                0x0000000020000004                uwTickFreq
 *fill*         0x0000000020000005        0x3 
 .data.uwTickPrio
                0x0000000020000008        0x4 build/stm32f1xx_hal.o
                0x0000000020000008                uwTickPrio
 .data._impure_ptr
                0x000000002000000c        0x4 /home/nazar/gcc-arm/bin/../lib/gcc/arm-none-eabi/10.3.1/../../../../arm-none-eabi/lib/thumb/v7-m/nofp/libc_nano.a(lib_a-impure.o)
                0x000000002000000c                _impure_ptr
 .data.impure_data
                0x0000000020000010       0x60 /home/nazar/gcc-arm/bin/../lib/gcc/arm-none-eabi/10.3.1/../../../../arm-none-eabi/lib/thumb/v7-m/nofp/libc_nano.a(lib_a-impure.o)
 .data.__global_locale
                0x0000000020000070      0x16c /home/nazar/gcc-arm/bin/../lib/gcc/arm-none-eabi/10.3.1/../../../../arm-none-eabi/lib/thumb/v7-m/nofp/libc_nano.a(lib_a-locale.o)
                0x0000000020000070                __global_locale
                0x00000000200001dc                . = ALIGN (0x4)
                0x00000000200001dc                _edata = .

.igot.plt       0x00000000200001dc        0x0 load address 0x00000000080061a0
 .igot.plt      0x00000000200001dc        0x0 /home/nazar/gcc-arm/bin/../lib/gcc/arm-none-eabi/10.3.1/thumb/v7-m/nofp/crtbegin.o
                0x00000000200001dc                . = ALIGN (0x4)

.bss            0x00000000200001dc       0xcc load address 0x00000000080061a0
                0x00000000200001dc                _sbss = .
                0x00000000200001dc                __bss_start__ = _sbss
 *(.bss)
 .bss           0x00000000200001dc       0x1c /home/nazar/gcc-arm/bin/../lib/gcc/arm-none-eabi/10.3.1/thumb/v7-m/nofp/crtbegin.o
 *(.bss*)
 .bss.hi2c1     0x00000000200001f8       0x54 build/main.o
                0x00000000200001f8                hi2c1
 .bss.huart1    0x000000002000024c       0x44 build/main.o
                0x000000002000024c                huart1
 .bss.uwTick    0x0000000020000290        0x4 build/stm32f1xx_hal.o
                0x0000000020000290                uwTick
 .bss.__malloc_free_list
                0x0000000020000294        0x4 /home/nazar/gcc-arm/bin/../lib/gcc/arm-none-eabi/10.3.1/../../../../arm-none-eabi/lib/thumb/v7-m/nofp/libc_nano.a(lib_a-nano-mallocr.o)
                0x0000000020000294                __malloc_free_list
 .bss.__malloc_sbrk_start
                0x0000000020000298        0x4 /home/nazar/gcc-arm/bin/../lib/gcc/arm-none-eabi/10.3.1/../../../../arm-none-eabi/lib/thumb/v7-m/nofp/libc_nano.a(lib_a-nano-mallocr.o)
                0x0000000020000298                __malloc_sbrk_start
 .bss.__lock___malloc_recursive_mutex
                0x000000002000029c        0x1 /home/nazar/gcc-arm/bin/../lib/gcc/arm-none-eabi/10.3.1/../../../../arm-none-eabi/lib/thumb/v7-m/nofp/libc_nano.a(lib_a-lock.o)
                0x000000002000029c                __lock___malloc_recursive_mutex
 .bss.__lock___sfp_recursive_mutex
                0x000000002000029d        0x1 /home/nazar/gcc-arm/bin/../lib/gcc/arm-none-eabi/10.3.1/../../../../arm-none-eabi/lib/thumb/v7-m/nofp/libc_nano.a(lib_a-lock.o)
                0x000000002000029d                __lock___sfp_recursive_mutex
 .bss.__lock___sinit_recursive_mutex
                0x000000002000029e        0x1 /home/nazar/gcc-arm/bin/../lib/gcc/arm-none-eabi/10.3.1/../../../../arm-none-eabi/lib/thumb/v7-m/nofp/libc_nano.a(lib_a-lock.o)
                0x000000002000029e                __lock___sinit_recursive_mutex
 *fill*         0x000000002000029f        0x1 
 .bss.errno     0x00000000200002a0        0x4 /home/nazar/gcc-arm/bin/../lib/gcc/arm-none-eabi/10.3.1/../../../../arm-none-eabi/lib/thumb/v7-m/nofp/libc_nano.a(lib_a-reent.o)
                0x00000000200002a0                errno
 .bss.heap_end.0
                0x00000000200002a4        0x4 /home/nazar/gcc-arm/bin/../lib/gcc/arm-none-eabi/10.3.1/../../../../arm-none-eabi/lib/thumb/v7-m/nofp/libnosys.a(sbrk.o)
 *(COMMON)
                0x00000000200002a8                . = ALIGN (0x4)
                0x00000000200002a8                _ebss = .
                0x00000000200002a8                __bss_end__ = _ebss

._user_heap_stack
                0x00000000200002a8      0x600 load address 0x00000000080061a0
                0x00000000200002a8                . = ALIGN (0x8)
                0x00000000200002a8                PROVIDE (end = .)
                [!provide]                        PROVIDE (_end = .)
                0x00000000200004a8                . = (. + _Min_Heap_Size)
 *fill*         0x00000000200002a8      0x200 
                0x00000000200008a8                . = (. + _Min_Stack_Size)
 *fill*         0x00000000200004a8      0x400 
                0x00000000200008a8                . = ALIGN (0x8)

/DISCARD/
 libc.a(*)
 libm.a(*)
 libgcc.a(*)

.ARM.attributes
                0x0000000000000000       0x29
 *(.ARM.attributes)
 .ARM.attributes
                0x0000000000000000       0x1d /home/nazar/gcc-arm/bin/../lib/gcc/arm-none-eabi/10.3.1/thumb/v7-m/nofp/crti.o
 .ARM.attributes
                0x000000000000001d       0x2d /home/nazar/gcc-arm/bin/../lib/gcc/arm-none-eabi/10.3.1/thumb/v7-m/nofp/crtbegin.o
 .ARM.attributes
                0x000000000000004a       0x2d build/main.o
 .ARM.attributes
                0x0000000000000077       0x2d build/stm32f1xx_it.o
 .ARM.attributes
                0x00000000000000a4       0x2d build/stm32f1xx_hal_msp.o
 .ARM.attributes
                0x00000000000000d1       0x2d build/system_stm32f1xx.o
 .ARM.attributes
                0x00000000000000fe       0x2d build/stm32f1xx_hal.o
 .ARM.attributes
                0x000000000000012b       0x2d build/stm32f1xx_hal_rcc.o
 .ARM.attributes
                0x0000000000000158       0x2d build/stm32f1xx_hal_gpio.o
 .ARM.attributes
                0x0000000000000185       0x2d build/stm32f1xx_hal_dma.o
 .ARM.attributes
                0x00000000000001b2       0x2d build/stm32f1xx_hal_cortex.o
 .ARM.attributes
                0x00000000000001df       0x2d build/stm32f1xx_hal_uart.o
 .ARM.attributes
                0x000000000000020c       0x2d build/stm32f1xx_hal_i2c.o
 .ARM.attributes
                0x0000000000000239       0x21 build/startup_stm32f103xb.o
 .ARM.attributes
                0x000000000000025a       0x2d /home/nazar/gcc-arm/bin/../lib/gcc/arm-none-eabi/10.3.1/../../../../arm-none-eabi/lib/thumb/v7-m/nofp/libc_nano.a(lib_a-impure.o)
 .ARM.attributes
                0x0000000000000287       0x2d /home/nazar/gcc-arm/bin/../lib/gcc/arm-none-eabi/10.3.1/../../../../arm-none-eabi/lib/thumb/v7-m/nofp/libc_nano.a(lib_a-init.o)
 .ARM.attributes
                0x00000000000002b4       0x2d /home/nazar/gcc-arm/bin/../lib/gcc/arm-none-eabi/10.3.1/../../../../arm-none-eabi/lib/thumb/v7-m/nofp/libc_nano.a(lib_a-malloc.o)
 .ARM.attributes
                0x00000000000002e1       0x2d /home/nazar/gcc-arm/bin/../lib/gcc/arm-none-eabi/10.3.1/../../../../arm-none-eabi/lib/thumb/v7-m/nofp/libc_nano.a(lib_a-memset.o)
 .ARM.attributes
                0x000000000000030e       0x2d /home/nazar/gcc-arm/bin/../lib/gcc/arm-none-eabi/10.3.1/../../../../arm-none-eabi/lib/thumb/v7-m/nofp/libc_nano.a(lib_a-nano-freer.o)
 .ARM.attributes
                0x000000000000033b       0x2d /home/nazar/gcc-arm/bin/../lib/gcc/arm-none-eabi/10.3.1/../../../../arm-none-eabi/lib/thumb/v7-m/nofp/libc_nano.a(lib_a-nano-mallocr.o)
 .ARM.attributes
                0x0000000000000368       0x2d /home/nazar/gcc-arm/bin/../lib/gcc/arm-none-eabi/10.3.1/../../../../arm-none-eabi/lib/thumb/v7-m/nofp/libc_nano.a(lib_a-nano-vfprintf_float.o)
 .ARM.attributes
                0x0000000000000395       0x2d /home/nazar/gcc-arm/bin/../lib/gcc/arm-none-eabi/10.3.1/../../../../arm-none-eabi/lib/thumb/v7-m/nofp/libc_nano.a(lib_a-nano-vfprintf_i.o)
 .ARM.attributes
                0x00000000000003c2       0x2d /home/nazar/gcc-arm/bin/../lib/gcc/arm-none-eabi/10.3.1/../../../../arm-none-eabi/lib/thumb/v7-m/nofp/libc_nano.a(lib_a-printf.o)
 .ARM.attributes
                0x00000000000003ef       0x2d /home/nazar/gcc-arm/bin/../lib/gcc/arm-none-eabi/10.3.1/../../../../arm-none-eabi/lib/thumb/v7-m/nofp/libc_nano.a(lib_a-puts.o)
 .ARM.attributes
                0x000000000000041c       0x2d /home/nazar/gcc-arm/bin/../lib/gcc/arm-none-eabi/10.3.1/../../../../arm-none-eabi/lib/thumb/v7-m/nofp/libc_nano.a(lib_a-sbrkr.o)
 .ARM.attributes
                0x0000000000000449       0x17 /home/nazar/gcc-arm/bin/../lib/gcc/arm-none-eabi/10.3.1/../../../../arm-none-eabi/lib/thumb/v7-m/nofp/libc_nano.a(lib_a-strlen.o)
 .ARM.attributes
                0x0000000000000460       0x2d /home/nazar/gcc-arm/bin/../lib/gcc/arm-none-eabi/10.3.1/../../../../arm-none-eabi/lib/thumb/v7-m/nofp/libc_nano.a(lib_a-wbuf.o)
 .ARM.attributes
                0x000000000000048d       0x2d /home/nazar/gcc-arm/bin/../lib/gcc/arm-none-eabi/10.3.1/../../../../arm-none-eabi/lib/thumb/v7-m/nofp/libc_nano.a(lib_a-wsetup.o)
 .ARM.attributes
                0x00000000000004ba       0x2d /home/nazar/gcc-arm/bin/../lib/gcc/arm-none-eabi/10.3.1/../../../../arm-none-eabi/lib/thumb/v7-m/nofp/libc_nano.a(lib_a-dtoa.o)
 .ARM.attributes
                0x00000000000004e7       0x2d /home/nazar/gcc-arm/bin/../lib/gcc/arm-none-eabi/10.3.1/../../../../arm-none-eabi/lib/thumb/v7-m/nofp/libc_nano.a(lib_a-fflush.o)
 .ARM.attributes
                0x0000000000000514       0x2d /home/nazar/gcc-arm/bin/../lib/gcc/arm-none-eabi/10.3.1/../../../../arm-none-eabi/lib/thumb/v7-m/nofp/libc_nano.a(lib_a-findfp.o)
 .ARM.attributes
                0x0000000000000541       0x2d /home/nazar/gcc-arm/bin/../lib/gcc/arm-none-eabi/10.3.1/../../../../arm-none-eabi/lib/thumb/v7-m/nofp/libc_nano.a(lib_a-fwalk.o)
 .ARM.attributes
                0x000000000000056e       0x2d /home/nazar/gcc-arm/bin/../lib/gcc/arm-none-eabi/10.3.1/../../../../arm-none-eabi/lib/thumb/v7-m/nofp/libc_nano.a(lib_a-localeconv.o)
 .ARM.attributes
                0x000000000000059b       0x2d /home/nazar/gcc-arm/bin/../lib/gcc/arm-none-eabi/10.3.1/../../../../arm-none-eabi/lib/thumb/v7-m/nofp/libc_nano.a(lib_a-lock.o)
 .ARM.attributes
                0x00000000000005c8       0x2d /home/nazar/gcc-arm/bin/../lib/gcc/arm-none-eabi/10.3.1/../../../../arm-none-eabi/lib/thumb/v7-m/nofp/libc_nano.a(lib_a-makebuf.o)
 .ARM.attributes
                0x00000000000005f5       0x2d /home/nazar/gcc-arm/bin/../lib/gcc/arm-none-eabi/10.3.1/../../../../arm-none-eabi/lib/thumb/v7-m/nofp/libc_nano.a(lib_a-memchr-stub.o)
 .ARM.attributes
                0x0000000000000622       0x2d /home/nazar/gcc-arm/bin/../lib/gcc/arm-none-eabi/10.3.1/../../../../arm-none-eabi/lib/thumb/v7-m/nofp/libc_nano.a(lib_a-memcpy-stub.o)
 .ARM.attributes
                0x000000000000064f       0x2d /home/nazar/gcc-arm/bin/../lib/gcc/arm-none-eabi/10.3.1/../../../../arm-none-eabi/lib/thumb/v7-m/nofp/libc_nano.a(lib_a-mlock.o)
 .ARM.attributes
                0x000000000000067c       0x2d /home/nazar/gcc-arm/bin/../lib/gcc/arm-none-eabi/10.3.1/../../../../arm-none-eabi/lib/thumb/v7-m/nofp/libc_nano.a(lib_a-mprec.o)
 .ARM.attributes
                0x00000000000006a9       0x2d /home/nazar/gcc-arm/bin/../lib/gcc/arm-none-eabi/10.3.1/../../../../arm-none-eabi/lib/thumb/v7-m/nofp/libc_nano.a(lib_a-nano-callocr.o)
 .ARM.attributes
                0x00000000000006d6       0x2d /home/nazar/gcc-arm/bin/../lib/gcc/arm-none-eabi/10.3.1/../../../../arm-none-eabi/lib/thumb/v7-m/nofp/libc_nano.a(lib_a-nano-vfprintf.o)
 .ARM.attributes
                0x0000000000000703       0x2d /home/nazar/gcc-arm/bin/../lib/gcc/arm-none-eabi/10.3.1/../../../../arm-none-eabi/lib/thumb/v7-m/nofp/libc_nano.a(lib_a-reent.o)
 .ARM.attributes
                0x0000000000000730       0x2d /home/nazar/gcc-arm/bin/../lib/gcc/arm-none-eabi/10.3.1/../../../../arm-none-eabi/lib/thumb/v7-m/nofp/libc_nano.a(lib_a-stdio.o)
 .ARM.attributes
                0x000000000000075d       0x2d /home/nazar/gcc-arm/bin/../lib/gcc/arm-none-eabi/10.3.1/../../../../arm-none-eabi/lib/thumb/v7-m/nofp/libc_nano.a(lib_a-writer.o)
 .ARM.attributes
                0x000000000000078a       0x2d /home/nazar/gcc-arm/bin/../lib/gcc/arm-none-eabi/10.3.1/../../../../arm-none-eabi/lib/thumb/v7-m/nofp/libc_nano.a(lib_a-assert.o)
 .ARM.attributes
                0x00000000000007b7       0x2d /home/nazar/gcc-arm/bin/../lib/gcc/arm-none-eabi/10.3.1/../../../../arm-none-eabi/lib/thumb/v7-m/nofp/libc_nano.a(lib_a-closer.o)
 .ARM.attributes
                0x00000000000007e4       0x2d /home/nazar/gcc-arm/bin/../lib/gcc/arm-none-eabi/10.3.1/../../../../arm-none-eabi/lib/thumb/v7-m/nofp/libc_nano.a(lib_a-fprintf.o)
 .ARM.attributes
                0x0000000000000811       0x2d /home/nazar/gcc-arm/bin/../lib/gcc/arm-none-eabi/10.3.1/../../../../arm-none-eabi/lib/thumb/v7-m/nofp/libc_nano.a(lib_a-fstatr.o)
 .ARM.attributes
                0x000000000000083e       0x2d /home/nazar/gcc-arm/bin/../lib/gcc/arm-none-eabi/10.3.1/../../../../arm-none-eabi/lib/thumb/v7-m/nofp/libc_nano.a(lib_a-isattyr.o)
 .ARM.attributes
                0x000000000000086b       0x2d /home/nazar/gcc-arm/bin/../lib/gcc/arm-none-eabi/10.3.1/../../../../arm-none-eabi/lib/thumb/v7-m/nofp/libc_nano.a(lib_a-locale.o)
 .ARM.attributes
                0x0000000000000898       0x2d /home/nazar/gcc-arm/bin/../lib/gcc/arm-none-eabi/10.3.1/../../../../arm-none-eabi/lib/thumb/v7-m/nofp/libc_nano.a(lib_a-lseekr.o)
 .ARM.attributes
                0x00000000000008c5       0x2d /home/nazar/gcc-arm/bin/../lib/gcc/arm-none-eabi/10.3.1/../../../../arm-none-eabi/lib/thumb/v7-m/nofp/libc_nano.a(lib_a-mbtowc_r.o)
 .ARM.attributes
                0x00000000000008f2       0x2d /home/nazar/gcc-arm/bin/../lib/gcc/arm-none-eabi/10.3.1/../../../../arm-none-eabi/lib/thumb/v7-m/nofp/libc_nano.a(lib_a-readr.o)
 .ARM.attributes
                0x000000000000091f       0x2d /home/nazar/gcc-arm/bin/../lib/gcc/arm-none-eabi/10.3.1/../../../../arm-none-eabi/lib/thumb/v7-m/nofp/libc_nano.a(lib_a-wctomb_r.o)
 .ARM.attributes
                0x000000000000094c       0x2d /home/nazar/gcc-arm/bin/../lib/gcc/arm-none-eabi/10.3.1/../../../../arm-none-eabi/lib/thumb/v7-m/nofp/libc_nano.a(lib_a-abort.o)
 .ARM.attributes
                0x0000000000000979       0x2d /home/nazar/gcc-arm/bin/../lib/gcc/arm-none-eabi/10.3.1/../../../../arm-none-eabi/lib/thumb/v7-m/nofp/libc_nano.a(lib_a-ctype_.o)
 .ARM.attributes
                0x00000000000009a6       0x2d /home/nazar/gcc-arm/bin/../lib/gcc/arm-none-eabi/10.3.1/../../../../arm-none-eabi/lib/thumb/v7-m/nofp/libc_nano.a(lib_a-signal.o)
 .ARM.attributes
                0x00000000000009d3       0x2d /home/nazar/gcc-arm/bin/../lib/gcc/arm-none-eabi/10.3.1/../../../../arm-none-eabi/lib/thumb/v7-m/nofp/libc_nano.a(lib_a-signalr.o)
 .ARM.attributes
                0x0000000000000a00       0x2d /home/nazar/gcc-arm/bin/../lib/gcc/arm-none-eabi/10.3.1/../../../../arm-none-eabi/lib/thumb/v7-m/nofp/libnosys.a(close.o)
 .ARM.attributes
                0x0000000000000a2d       0x2d /home/nazar/gcc-arm/bin/../lib/gcc/arm-none-eabi/10.3.1/../../../../arm-none-eabi/lib/thumb/v7-m/nofp/libnosys.a(fstat.o)
 .ARM.attributes
                0x0000000000000a5a       0x2d /home/nazar/gcc-arm/bin/../lib/gcc/arm-none-eabi/10.3.1/../../../../arm-none-eabi/lib/thumb/v7-m/nofp/libnosys.a(getpid.o)
 .ARM.attributes
                0x0000000000000a87       0x2d /home/nazar/gcc-arm/bin/../lib/gcc/arm-none-eabi/10.3.1/../../../../arm-none-eabi/lib/thumb/v7-m/nofp/libnosys.a(isatty.o)
 .ARM.attributes
                0x0000000000000ab4       0x2d /home/nazar/gcc-arm/bin/../lib/gcc/arm-none-eabi/10.3.1/../../../../arm-none-eabi/lib/thumb/v7-m/nofp/libnosys.a(kill.o)
 .ARM.attributes
                0x0000000000000ae1       0x2d /home/nazar/gcc-arm/bin/../lib/gcc/arm-none-eabi/10.3.1/../../../../arm-none-eabi/lib/thumb/v7-m/nofp/libnosys.a(lseek.o)
 .ARM.attributes
                0x0000000000000b0e       0x2d /home/nazar/gcc-arm/bin/../lib/gcc/arm-none-eabi/10.3.1/../../../../arm-none-eabi/lib/thumb/v7-m/nofp/libnosys.a(read.o)
 .ARM.attributes
                0x0000000000000b3b       0x2d /home/nazar/gcc-arm/bin/../lib/gcc/arm-none-eabi/10.3.1/../../../../arm-none-eabi/lib/thumb/v7-m/nofp/libnosys.a(sbrk.o)
 .ARM.attributes
                0x0000000000000b68       0x2d /home/nazar/gcc-arm/bin/../lib/gcc/arm-none-eabi/10.3.1/../../../../arm-none-eabi/lib/thumb/v7-m/nofp/libnosys.a(_exit.o)
 .ARM.attributes
                0x0000000000000b95       0x1d /home/nazar/gcc-arm/bin/../lib/gcc/arm-none-eabi/10.3.1/thumb/v7-m/nofp/libgcc.a(_arm_addsubdf3.o)
 .ARM.attributes
                0x0000000000000bb2       0x1d /home/nazar/gcc-arm/bin/../lib/gcc/arm-none-eabi/10.3.1/thumb/v7-m/nofp/libgcc.a(_arm_muldivdf3.o)
 .ARM.attributes
                0x0000000000000bcf       0x1d /home/nazar/gcc-arm/bin/../lib/gcc/arm-none-eabi/10.3.1/thumb/v7-m/nofp/libgcc.a(_arm_cmpdf2.o)
 .ARM.attributes
                0x0000000000000bec       0x1d /home/nazar/gcc-arm/bin/../lib/gcc/arm-none-eabi/10.3.1/thumb/v7-m/nofp/libgcc.a(_arm_unorddf2.o)
 .ARM.attributes
                0x0000000000000c09       0x1d /home/nazar/gcc-arm/bin/../lib/gcc/arm-none-eabi/10.3.1/thumb/v7-m/nofp/libgcc.a(_arm_fixdfsi.o)
 .ARM.attributes
                0x0000000000000c26       0x1d /home/nazar/gcc-arm/bin/../lib/gcc/arm-none-eabi/10.3.1/thumb/v7-m/nofp/crtn.o
OUTPUT(build/CAN.elf elf32-littlearm)
LOAD linker stubs
LOAD /home/nazar/gcc-arm/bin/../lib/gcc/arm-none-eabi/10.3.1/../../../../arm-none-eabi/lib/thumb/v7-m/nofp/libc.a
LOAD /home/nazar/gcc-arm/bin/../lib/gcc/arm-none-eabi/10.3.1/../../../../arm-none-eabi/lib/thumb/v7-m/nofp/libm.a
LOAD /home/nazar/gcc-arm/bin/../lib/gcc/arm-none-eabi/10.3.1/thumb/v7-m/nofp/libgcc.a

.debug_info     0x0000000000000000     0xbc99
 .debug_info    0x0000000000000000     0x1710 build/main.o
 .debug_info    0x0000000000001710      0x8ea build/stm32f1xx_it.o
 .debug_info    0x0000000000001ffa      0xeab build/stm32f1xx_hal_msp.o
 .debug_info    0x0000000000002ea5      0x26e build/system_stm32f1xx.o
 .debug_info    0x0000000000003113      0x855 build/stm32f1xx_hal.o
 .debug_info    0x0000000000003968      0xaec build/stm32f1xx_hal_rcc.o
 .debug_info    0x0000000000004454      0x6d7 build/stm32f1xx_hal_gpio.o
 .debug_info    0x0000000000004b2b      0x8bb build/stm32f1xx_hal_dma.o
 .debug_info    0x00000000000053e6      0xe2d build/stm32f1xx_hal_cortex.o
 .debug_info    0x0000000000006213     0x1e12 build/stm32f1xx_hal_uart.o
 .debug_info    0x0000000000008025     0x3c52 build/stm32f1xx_hal_i2c.o
 .debug_info    0x000000000000bc77       0x22 build/startup_stm32f103xb.o

.debug_abbrev   0x0000000000000000     0x1a39
 .debug_abbrev  0x0000000000000000      0x301 build/main.o
 .debug_abbrev  0x0000000000000301      0x215 build/stm32f1xx_it.o
 .debug_abbrev  0x0000000000000516      0x1d0 build/stm32f1xx_hal_msp.o
 .debug_abbrev  0x00000000000006e6      0x140 build/system_stm32f1xx.o
 .debug_abbrev  0x0000000000000826      0x1f7 build/stm32f1xx_hal.o
 .debug_abbrev  0x0000000000000a1d      0x29a build/stm32f1xx_hal_rcc.o
 .debug_abbrev  0x0000000000000cb7      0x222 build/stm32f1xx_hal_gpio.o
 .debug_abbrev  0x0000000000000ed9      0x244 build/stm32f1xx_hal_dma.o
 .debug_abbrev  0x000000000000111d      0x359 build/stm32f1xx_hal_cortex.o
 .debug_abbrev  0x0000000000001476      0x2ab build/stm32f1xx_hal_uart.o
 .debug_abbrev  0x0000000000001721      0x306 build/stm32f1xx_hal_i2c.o
 .debug_abbrev  0x0000000000001a27       0x12 build/startup_stm32f103xb.o

.debug_loc      0x0000000000000000     0x9cff
 .debug_loc     0x0000000000000000      0x526 build/main.o
 .debug_loc     0x0000000000000526       0xbb build/stm32f1xx_it.o
 .debug_loc     0x00000000000005e1      0x1cb build/stm32f1xx_hal_msp.o
 .debug_loc     0x00000000000007ac       0xff build/system_stm32f1xx.o
 .debug_loc     0x00000000000008ab      0x1e1 build/stm32f1xx_hal.o
 .debug_loc     0x0000000000000a8c      0x7ee build/stm32f1xx_hal_rcc.o
 .debug_loc     0x000000000000127a      0x551 build/stm32f1xx_hal_gpio.o
 .debug_loc     0x00000000000017cb      0x901 build/stm32f1xx_hal_dma.o
 .debug_loc     0x00000000000020cc      0x77f build/stm32f1xx_hal_cortex.o
 .debug_loc     0x000000000000284b     0x267b build/stm32f1xx_hal_uart.o
 .debug_loc     0x0000000000004ec6     0x4e39 build/stm32f1xx_hal_i2c.o

.debug_aranges  0x0000000000000000      0x8e8
 .debug_aranges
                0x0000000000000000       0x70 build/main.o
 .debug_aranges
                0x0000000000000070       0x70 build/stm32f1xx_it.o
 .debug_aranges
                0x00000000000000e0       0x40 build/stm32f1xx_hal_msp.o
 .debug_aranges
                0x0000000000000120       0x28 build/system_stm32f1xx.o
 .debug_aranges
                0x0000000000000148       0xe0 build/stm32f1xx_hal.o
 .debug_aranges
                0x0000000000000228       0x90 build/stm32f1xx_hal_rcc.o
 .debug_aranges
                0x00000000000002b8       0x58 build/stm32f1xx_hal_gpio.o
 .debug_aranges
                0x0000000000000310       0x80 build/stm32f1xx_hal_dma.o
 .debug_aranges
                0x0000000000000390       0x90 build/stm32f1xx_hal_cortex.o
 .debug_aranges
                0x0000000000000420      0x200 build/stm32f1xx_hal_uart.o
 .debug_aranges
                0x0000000000000620      0x2a0 build/stm32f1xx_hal_i2c.o
 .debug_aranges
                0x00000000000008c0       0x28 build/startup_stm32f103xb.o

.debug_ranges   0x0000000000000000      0x8f8
 .debug_ranges  0x0000000000000000       0x78 build/main.o
 .debug_ranges  0x0000000000000078       0x78 build/stm32f1xx_it.o
 .debug_ranges  0x00000000000000f0       0x30 build/stm32f1xx_hal_msp.o
 .debug_ranges  0x0000000000000120       0x18 build/system_stm32f1xx.o
 .debug_ranges  0x0000000000000138       0xd0 build/stm32f1xx_hal.o
 .debug_ranges  0x0000000000000208       0xa0 build/stm32f1xx_hal_rcc.o
 .debug_ranges  0x00000000000002a8       0x48 build/stm32f1xx_hal_gpio.o
 .debug_ranges  0x00000000000002f0       0x70 build/stm32f1xx_hal_dma.o
 .debug_ranges  0x0000000000000360       0xe0 build/stm32f1xx_hal_cortex.o
 .debug_ranges  0x0000000000000440      0x1f0 build/stm32f1xx_hal_uart.o
 .debug_ranges  0x0000000000000630      0x2a8 build/stm32f1xx_hal_i2c.o
 .debug_ranges  0x00000000000008d8       0x20 build/startup_stm32f103xb.o

.debug_line     0x0000000000000000     0xabfe
 .debug_line    0x0000000000000000      0x7e7 build/main.o
 .debug_line    0x00000000000007e7      0x3b1 build/stm32f1xx_it.o
 .debug_line    0x0000000000000b98      0x2e2 build/stm32f1xx_hal_msp.o
 .debug_line    0x0000000000000e7a      0x1e7 build/system_stm32f1xx.o
 .debug_line    0x0000000000001061      0x4d4 build/stm32f1xx_hal.o
 .debug_line    0x0000000000001535      0xbd2 build/stm32f1xx_hal_rcc.o
 .debug_line    0x0000000000002107      0x589 build/stm32f1xx_hal_gpio.o
 .debug_line    0x0000000000002690      0x9f9 build/stm32f1xx_hal_dma.o
 .debug_line    0x0000000000003089      0x5df build/stm32f1xx_hal_cortex.o
 .debug_line    0x0000000000003668     0x2061 build/stm32f1xx_hal_uart.o
 .debug_line    0x00000000000056c9     0x54c0 build/stm32f1xx_hal_i2c.o
 .debug_line    0x000000000000ab89       0x75 build/startup_stm32f103xb.o

.debug_str      0x0000000000000000     0x29fb
 .debug_str     0x0000000000000000      0xa91 build/main.o
                                        0xb69 (size before relaxing)
 .debug_str     0x0000000000000a91       0xf0 build/stm32f1xx_it.o
                                        0x684 (size before relaxing)
 .debug_str     0x0000000000000b81      0x3b0 build/stm32f1xx_hal_msp.o
                                        0xbd5 (size before relaxing)
 .debug_str     0x0000000000000f31       0x8d build/system_stm32f1xx.o
                                        0x217 (size before relaxing)
 .debug_str     0x0000000000000fbe      0x301 build/stm32f1xx_hal.o
                                        0x7ec (size before relaxing)
 .debug_str     0x00000000000012bf      0x1ec build/stm32f1xx_hal_rcc.o
                                        0x5f3 (size before relaxing)
 .debug_str     0x00000000000014ab      0x133 build/stm32f1xx_hal_gpio.o
                                        0x3c8 (size before relaxing)
 .debug_str     0x00000000000015de      0x23c build/stm32f1xx_hal_dma.o
                                        0x5c5 (size before relaxing)
 .debug_str     0x000000000000181a      0x3af build/stm32f1xx_hal_cortex.o
                                        0x89b (size before relaxing)
 .debug_str     0x0000000000001bc9      0x5c2 build/stm32f1xx_hal_uart.o
                                        0xc56 (size before relaxing)
 .debug_str     0x000000000000218b      0x84c build/stm32f1xx_hal_i2c.o
                                        0xf80 (size before relaxing)
 .debug_str     0x00000000000029d7       0x24 build/startup_stm32f103xb.o
                                         0x3b (size before relaxing)

.comment        0x0000000000000000       0x49
 .comment       0x0000000000000000       0x49 build/main.o
                                         0x4a (size before relaxing)
 .comment       0x0000000000000049       0x4a build/stm32f1xx_it.o
 .comment       0x0000000000000049       0x4a build/stm32f1xx_hal_msp.o
 .comment       0x0000000000000049       0x4a build/system_stm32f1xx.o
 .comment       0x0000000000000049       0x4a build/stm32f1xx_hal.o
 .comment       0x0000000000000049       0x4a build/stm32f1xx_hal_rcc.o
 .comment       0x0000000000000049       0x4a build/stm32f1xx_hal_gpio.o
 .comment       0x0000000000000049       0x4a build/stm32f1xx_hal_dma.o
 .comment       0x0000000000000049       0x4a build/stm32f1xx_hal_cortex.o
 .comment       0x0000000000000049       0x4a build/stm32f1xx_hal_uart.o
 .comment       0x0000000000000049       0x4a build/stm32f1xx_hal_i2c.o

.debug_frame    0x0000000000000000     0x2b24
 .debug_frame   0x0000000000000000      0x164 build/main.o
 .debug_frame   0x0000000000000164       0xe0 build/stm32f1xx_it.o
 .debug_frame   0x0000000000000244       0x98 build/stm32f1xx_hal_msp.o
 .debug_frame   0x00000000000002dc       0x30 build/system_stm32f1xx.o
 .debug_frame   0x000000000000030c      0x1cc build/stm32f1xx_hal.o
 .debug_frame   0x00000000000004d8      0x190 build/stm32f1xx_hal_rcc.o
 .debug_frame   0x0000000000000668       0xe4 build/stm32f1xx_hal_gpio.o
 .debug_frame   0x000000000000074c      0x144 build/stm32f1xx_hal_dma.o
 .debug_frame   0x0000000000000890      0x118 build/stm32f1xx_hal_cortex.o
 .debug_frame   0x00000000000009a8      0x5c4 build/stm32f1xx_hal_uart.o
 .debug_frame   0x0000000000000f6c      0x970 build/stm32f1xx_hal_i2c.o
 .debug_frame   0x00000000000018dc       0x2c /home/nazar/gcc-arm/bin/../lib/gcc/arm-none-eabi/10.3.1/../../../../arm-none-eabi/lib/thumb/v7-m/nofp/libc_nano.a(lib_a-init.o)
 .debug_frame   0x0000000000001908       0x30 /home/nazar/gcc-arm/bin/../lib/gcc/arm-none-eabi/10.3.1/../../../../arm-none-eabi/lib/thumb/v7-m/nofp/libc_nano.a(lib_a-malloc.o)
 .debug_frame   0x0000000000001938       0x20 /home/nazar/gcc-arm/bin/../lib/gcc/arm-none-eabi/10.3.1/../../../../arm-none-eabi/lib/thumb/v7-m/nofp/libc_nano.a(lib_a-memset.o)
 .debug_frame   0x0000000000001958       0x38 /home/nazar/gcc-arm/bin/../lib/gcc/arm-none-eabi/10.3.1/../../../../arm-none-eabi/lib/thumb/v7-m/nofp/libc_nano.a(lib_a-nano-freer.o)
 .debug_frame   0x0000000000001990       0x4c /home/nazar/gcc-arm/bin/../lib/gcc/arm-none-eabi/10.3.1/../../../../arm-none-eabi/lib/thumb/v7-m/nofp/libc_nano.a(lib_a-nano-mallocr.o)
 .debug_frame   0x00000000000019dc       0x94 /home/nazar/gcc-arm/bin/../lib/gcc/arm-none-eabi/10.3.1/../../../../arm-none-eabi/lib/thumb/v7-m/nofp/libc_nano.a(lib_a-nano-vfprintf_float.o)
 .debug_frame   0x0000000000001a70       0x60 /home/nazar/gcc-arm/bin/../lib/gcc/arm-none-eabi/10.3.1/../../../../arm-none-eabi/lib/thumb/v7-m/nofp/libc_nano.a(lib_a-nano-vfprintf_i.o)
 .debug_frame   0x0000000000001ad0       0x74 /home/nazar/gcc-arm/bin/../lib/gcc/arm-none-eabi/10.3.1/../../../../arm-none-eabi/lib/thumb/v7-m/nofp/libc_nano.a(lib_a-printf.o)
 .debug_frame   0x0000000000001b44       0x3c /home/nazar/gcc-arm/bin/../lib/gcc/arm-none-eabi/10.3.1/../../../../arm-none-eabi/lib/thumb/v7-m/nofp/libc_nano.a(lib_a-puts.o)
 .debug_frame   0x0000000000001b80       0x2c /home/nazar/gcc-arm/bin/../lib/gcc/arm-none-eabi/10.3.1/../../../../arm-none-eabi/lib/thumb/v7-m/nofp/libc_nano.a(lib_a-sbrkr.o)
 .debug_frame   0x0000000000001bac       0x40 /home/nazar/gcc-arm/bin/../lib/gcc/arm-none-eabi/10.3.1/../../../../arm-none-eabi/lib/thumb/v7-m/nofp/libc_nano.a(lib_a-wbuf.o)
 .debug_frame   0x0000000000001bec       0x2c /home/nazar/gcc-arm/bin/../lib/gcc/arm-none-eabi/10.3.1/../../../../arm-none-eabi/lib/thumb/v7-m/nofp/libc_nano.a(lib_a-wsetup.o)
 .debug_frame   0x0000000000001c18       0x6c /home/nazar/gcc-arm/bin/../lib/gcc/arm-none-eabi/10.3.1/../../../../arm-none-eabi/lib/thumb/v7-m/nofp/libc_nano.a(lib_a-dtoa.o)
 .debug_frame   0x0000000000001c84       0x5c /home/nazar/gcc-arm/bin/../lib/gcc/arm-none-eabi/10.3.1/../../../../arm-none-eabi/lib/thumb/v7-m/nofp/libc_nano.a(lib_a-fflush.o)
 .debug_frame   0x0000000000001ce0      0x14c /home/nazar/gcc-arm/bin/../lib/gcc/arm-none-eabi/10.3.1/../../../../arm-none-eabi/lib/thumb/v7-m/nofp/libc_nano.a(lib_a-findfp.o)
 .debug_frame   0x0000000000001e2c       0x54 /home/nazar/gcc-arm/bin/../lib/gcc/arm-none-eabi/10.3.1/../../../../arm-none-eabi/lib/thumb/v7-m/nofp/libc_nano.a(lib_a-fwalk.o)
 .debug_frame   0x0000000000001e80       0x40 /home/nazar/gcc-arm/bin/../lib/gcc/arm-none-eabi/10.3.1/../../../../arm-none-eabi/lib/thumb/v7-m/nofp/libc_nano.a(lib_a-localeconv.o)
 .debug_frame   0x0000000000001ec0       0xb0 /home/nazar/gcc-arm/bin/../lib/gcc/arm-none-eabi/10.3.1/../../../../arm-none-eabi/lib/thumb/v7-m/nofp/libc_nano.a(lib_a-lock.o)
 .debug_frame   0x0000000000001f70       0x58 /home/nazar/gcc-arm/bin/../lib/gcc/arm-none-eabi/10.3.1/../../../../arm-none-eabi/lib/thumb/v7-m/nofp/libc_nano.a(lib_a-makebuf.o)
 .debug_frame   0x0000000000001fc8       0x28 /home/nazar/gcc-arm/bin/../lib/gcc/arm-none-eabi/10.3.1/../../../../arm-none-eabi/lib/thumb/v7-m/nofp/libc_nano.a(lib_a-memchr-stub.o)
 .debug_frame   0x0000000000001ff0       0x28 /home/nazar/gcc-arm/bin/../lib/gcc/arm-none-eabi/10.3.1/../../../../arm-none-eabi/lib/thumb/v7-m/nofp/libc_nano.a(lib_a-memcpy-stub.o)
 .debug_frame   0x0000000000002018       0x30 /home/nazar/gcc-arm/bin/../lib/gcc/arm-none-eabi/10.3.1/../../../../arm-none-eabi/lib/thumb/v7-m/nofp/libc_nano.a(lib_a-mlock.o)
 .debug_frame   0x0000000000002048      0x254 /home/nazar/gcc-arm/bin/../lib/gcc/arm-none-eabi/10.3.1/../../../../arm-none-eabi/lib/thumb/v7-m/nofp/libc_nano.a(lib_a-mprec.o)
 .debug_frame   0x000000000000229c       0x2c /home/nazar/gcc-arm/bin/../lib/gcc/arm-none-eabi/10.3.1/../../../../arm-none-eabi/lib/thumb/v7-m/nofp/libc_nano.a(lib_a-nano-callocr.o)
 .debug_frame   0x00000000000022c8       0xac /home/nazar/gcc-arm/bin/../lib/gcc/arm-none-eabi/10.3.1/../../../../arm-none-eabi/lib/thumb/v7-m/nofp/libc_nano.a(lib_a-nano-vfprintf.o)
 .debug_frame   0x0000000000002374       0x5c /home/nazar/gcc-arm/bin/../lib/gcc/arm-none-eabi/10.3.1/../../../../arm-none-eabi/lib/thumb/v7-m/nofp/libc_nano.a(lib_a-reent.o)
 .debug_frame   0x00000000000023d0       0x88 /home/nazar/gcc-arm/bin/../lib/gcc/arm-none-eabi/10.3.1/../../../../arm-none-eabi/lib/thumb/v7-m/nofp/libc_nano.a(lib_a-stdio.o)
 .debug_frame   0x0000000000002458       0x2c /home/nazar/gcc-arm/bin/../lib/gcc/arm-none-eabi/10.3.1/../../../../arm-none-eabi/lib/thumb/v7-m/nofp/libc_nano.a(lib_a-writer.o)
 .debug_frame   0x0000000000002484       0x40 /home/nazar/gcc-arm/bin/../lib/gcc/arm-none-eabi/10.3.1/../../../../arm-none-eabi/lib/thumb/v7-m/nofp/libc_nano.a(lib_a-assert.o)
 .debug_frame   0x00000000000024c4       0x2c /home/nazar/gcc-arm/bin/../lib/gcc/arm-none-eabi/10.3.1/../../../../arm-none-eabi/lib/thumb/v7-m/nofp/libc_nano.a(lib_a-closer.o)
 .debug_frame   0x00000000000024f0       0x64 /home/nazar/gcc-arm/bin/../lib/gcc/arm-none-eabi/10.3.1/../../../../arm-none-eabi/lib/thumb/v7-m/nofp/libc_nano.a(lib_a-fprintf.o)
 .debug_frame   0x0000000000002554       0x2c /home/nazar/gcc-arm/bin/../lib/gcc/arm-none-eabi/10.3.1/../../../../arm-none-eabi/lib/thumb/v7-m/nofp/libc_nano.a(lib_a-fstatr.o)
 .debug_frame   0x0000000000002580       0x2c /home/nazar/gcc-arm/bin/../lib/gcc/arm-none-eabi/10.3.1/../../../../arm-none-eabi/lib/thumb/v7-m/nofp/libc_nano.a(lib_a-isattyr.o)
 .debug_frame   0x00000000000025ac       0x48 /home/nazar/gcc-arm/bin/../lib/gcc/arm-none-eabi/10.3.1/../../../../arm-none-eabi/lib/thumb/v7-m/nofp/libc_nano.a(lib_a-locale.o)
 .debug_frame   0x00000000000025f4       0x2c /home/nazar/gcc-arm/bin/../lib/gcc/arm-none-eabi/10.3.1/../../../../arm-none-eabi/lib/thumb/v7-m/nofp/libc_nano.a(lib_a-lseekr.o)
 .debug_frame   0x0000000000002620       0x48 /home/nazar/gcc-arm/bin/../lib/gcc/arm-none-eabi/10.3.1/../../../../arm-none-eabi/lib/thumb/v7-m/nofp/libc_nano.a(lib_a-mbtowc_r.o)
 .debug_frame   0x0000000000002668       0x2c /home/nazar/gcc-arm/bin/../lib/gcc/arm-none-eabi/10.3.1/../../../../arm-none-eabi/lib/thumb/v7-m/nofp/libc_nano.a(lib_a-readr.o)
 .debug_frame   0x0000000000002694       0x3c /home/nazar/gcc-arm/bin/../lib/gcc/arm-none-eabi/10.3.1/../../../../arm-none-eabi/lib/thumb/v7-m/nofp/libc_nano.a(lib_a-wctomb_r.o)
 .debug_frame   0x00000000000026d0       0x28 /home/nazar/gcc-arm/bin/../lib/gcc/arm-none-eabi/10.3.1/../../../../arm-none-eabi/lib/thumb/v7-m/nofp/libc_nano.a(lib_a-abort.o)
 .debug_frame   0x00000000000026f8       0xcc /home/nazar/gcc-arm/bin/../lib/gcc/arm-none-eabi/10.3.1/../../../../arm-none-eabi/lib/thumb/v7-m/nofp/libc_nano.a(lib_a-signal.o)
 .debug_frame   0x00000000000027c4       0x3c /home/nazar/gcc-arm/bin/../lib/gcc/arm-none-eabi/10.3.1/../../../../arm-none-eabi/lib/thumb/v7-m/nofp/libc_nano.a(lib_a-signalr.o)
 .debug_frame   0x0000000000002800       0x20 /home/nazar/gcc-arm/bin/../lib/gcc/arm-none-eabi/10.3.1/../../../../arm-none-eabi/lib/thumb/v7-m/nofp/libnosys.a(close.o)
 .debug_frame   0x0000000000002820       0x20 /home/nazar/gcc-arm/bin/../lib/gcc/arm-none-eabi/10.3.1/../../../../arm-none-eabi/lib/thumb/v7-m/nofp/libnosys.a(fstat.o)
 .debug_frame   0x0000000000002840       0x20 /home/nazar/gcc-arm/bin/../lib/gcc/arm-none-eabi/10.3.1/../../../../arm-none-eabi/lib/thumb/v7-m/nofp/libnosys.a(getpid.o)
 .debug_frame   0x0000000000002860       0x20 /home/nazar/gcc-arm/bin/../lib/gcc/arm-none-eabi/10.3.1/../../../../arm-none-eabi/lib/thumb/v7-m/nofp/libnosys.a(isatty.o)
 .debug_frame   0x0000000000002880       0x20 /home/nazar/gcc-arm/bin/../lib/gcc/arm-none-eabi/10.3.1/../../../../arm-none-eabi/lib/thumb/v7-m/nofp/libnosys.a(kill.o)
 .debug_frame   0x00000000000028a0       0x20 /home/nazar/gcc-arm/bin/../lib/gcc/arm-none-eabi/10.3.1/../../../../arm-none-eabi/lib/thumb/v7-m/nofp/libnosys.a(lseek.o)
 .debug_frame   0x00000000000028c0       0x20 /home/nazar/gcc-arm/bin/../lib/gcc/arm-none-eabi/10.3.1/../../../../arm-none-eabi/lib/thumb/v7-m/nofp/libnosys.a(read.o)
 .debug_frame   0x00000000000028e0       0x20 /home/nazar/gcc-arm/bin/../lib/gcc/arm-none-eabi/10.3.1/../../../../arm-none-eabi/lib/thumb/v7-m/nofp/libnosys.a(sbrk.o)
 .debug_frame   0x0000000000002900       0x20 /home/nazar/gcc-arm/bin/../lib/gcc/arm-none-eabi/10.3.1/../../../../arm-none-eabi/lib/thumb/v7-m/nofp/libnosys.a(_exit.o)
 .debug_frame   0x0000000000002920       0xac /home/nazar/gcc-arm/bin/../lib/gcc/arm-none-eabi/10.3.1/thumb/v7-m/nofp/libgcc.a(_arm_addsubdf3.o)
 .debug_frame   0x00000000000029cc       0x50 /home/nazar/gcc-arm/bin/../lib/gcc/arm-none-eabi/10.3.1/thumb/v7-m/nofp/libgcc.a(_arm_muldivdf3.o)
 .debug_frame   0x0000000000002a1c       0xc4 /home/nazar/gcc-arm/bin/../lib/gcc/arm-none-eabi/10.3.1/thumb/v7-m/nofp/libgcc.a(_arm_cmpdf2.o)
 .debug_frame   0x0000000000002ae0       0x20 /home/nazar/gcc-arm/bin/../lib/gcc/arm-none-eabi/10.3.1/thumb/v7-m/nofp/libgcc.a(_arm_unorddf2.o)
 .debug_frame   0x0000000000002b00       0x24 /home/nazar/gcc-arm/bin/../lib/gcc/arm-none-eabi/10.3.1/thumb/v7-m/nofp/libgcc.a(_arm_fixdfsi.o)

.stab           0x0000000000000000       0xb4
 .stab          0x0000000000000000       0x24 /home/nazar/gcc-arm/bin/../lib/gcc/arm-none-eabi/10.3.1/../../../../arm-none-eabi/lib/thumb/v7-m/nofp/libnosys.a(close.o)
 .stab          0x0000000000000024       0x18 /home/nazar/gcc-arm/bin/../lib/gcc/arm-none-eabi/10.3.1/../../../../arm-none-eabi/lib/thumb/v7-m/nofp/libnosys.a(fstat.o)
                                         0x24 (size before relaxing)
 .stab          0x000000000000003c       0x18 /home/nazar/gcc-arm/bin/../lib/gcc/arm-none-eabi/10.3.1/../../../../arm-none-eabi/lib/thumb/v7-m/nofp/libnosys.a(getpid.o)
                                         0x24 (size before relaxing)
 .stab          0x0000000000000054       0x18 /home/nazar/gcc-arm/bin/../lib/gcc/arm-none-eabi/10.3.1/../../../../arm-none-eabi/lib/thumb/v7-m/nofp/libnosys.a(isatty.o)
                                         0x24 (size before relaxing)
 .stab          0x000000000000006c       0x18 /home/nazar/gcc-arm/bin/../lib/gcc/arm-none-eabi/10.3.1/../../../../arm-none-eabi/lib/thumb/v7-m/nofp/libnosys.a(kill.o)
                                         0x24 (size before relaxing)
 .stab          0x0000000000000084       0x18 /home/nazar/gcc-arm/bin/../lib/gcc/arm-none-eabi/10.3.1/../../../../arm-none-eabi/lib/thumb/v7-m/nofp/libnosys.a(lseek.o)
                                         0x24 (size before relaxing)
 .stab          0x000000000000009c       0x18 /home/nazar/gcc-arm/bin/../lib/gcc/arm-none-eabi/10.3.1/../../../../arm-none-eabi/lib/thumb/v7-m/nofp/libnosys.a(read.o)
                                         0x24 (size before relaxing)

.stabstr        0x0000000000000000      0x183
 .stabstr       0x0000000000000000      0x183 /home/nazar/gcc-arm/bin/../lib/gcc/arm-none-eabi/10.3.1/../../../../arm-none-eabi/lib/thumb/v7-m/nofp/libnosys.a(close.o)

Cross Reference Table

Symbol                                            File
ADC1_2_IRQHandler                                 build/startup_stm32f103xb.o
AHBPrescTable                                     build/system_stm32f1xx.o
                                                  build/stm32f1xx_hal_rcc.o
APBPrescTable                                     build/system_stm32f1xx.o
                                                  build/stm32f1xx_hal_rcc.o
BusFault_Handler                                  build/stm32f1xx_it.o
CAN1_RX1_IRQHandler                               build/startup_stm32f103xb.o
CAN1_SCE_IRQHandler                               build/startup_stm32f103xb.o
DMA1_Channel1_IRQHandler                          build/startup_stm32f103xb.o
DMA1_Channel2_IRQHandler                          build/startup_stm32f103xb.o
DMA1_Channel3_IRQHandler                          build/startup_stm32f103xb.o
DMA1_Channel4_IRQHandler                          build/startup_stm32f103xb.o
DMA1_Channel5_IRQHandler                          build/startup_stm32f103xb.o
DMA1_Channel6_IRQHandler                          build/startup_stm32f103xb.o
DMA1_Channel7_IRQHandler                          build/startup_stm32f103xb.o
DebugMon_Handler                                  build/stm32f1xx_it.o
Default_Handler                                   build/startup_stm32f103xb.o
EXTI0_IRQHandler                                  build/startup_stm32f103xb.o
EXTI15_10_IRQHandler                              build/startup_stm32f103xb.o
EXTI1_IRQHandler                                  build/startup_stm32f103xb.o
EXTI2_IRQHandler                                  build/startup_stm32f103xb.o
EXTI3_IRQHandler                                  build/startup_stm32f103xb.o
EXTI4_IRQHandler                                  build/startup_stm32f103xb.o
EXTI9_5_IRQHandler                                build/startup_stm32f103xb.o
FLASH_IRQHandler                                  build/startup_stm32f103xb.o
FLASH_PageErase                                   build/stm32f1xx_hal_flash_ex.o
                                                  build/stm32f1xx_hal_flash.o
FLASH_WaitForLastOperation                        build/stm32f1xx_hal_flash.o
                                                  build/stm32f1xx_hal_flash_ex.o
HAL_CAN_AbortTxRequest                            build/stm32f1xx_hal_can.o
HAL_CAN_ActivateNotification                      build/stm32f1xx_hal_can.o
HAL_CAN_AddTxMessage                              build/stm32f1xx_hal_can.o
HAL_CAN_ConfigFilter                              build/stm32f1xx_hal_can.o
HAL_CAN_DeInit                                    build/stm32f1xx_hal_can.o
HAL_CAN_DeactivateNotification                    build/stm32f1xx_hal_can.o
HAL_CAN_ErrorCallback                             build/stm32f1xx_hal_can.o
HAL_CAN_GetError                                  build/stm32f1xx_hal_can.o
HAL_CAN_GetRxFifoFillLevel                        build/stm32f1xx_hal_can.o
HAL_CAN_GetRxMessage                              build/stm32f1xx_hal_can.o
HAL_CAN_GetState                                  build/stm32f1xx_hal_can.o
HAL_CAN_GetTxMailboxesFreeLevel                   build/stm32f1xx_hal_can.o
HAL_CAN_GetTxTimestamp                            build/stm32f1xx_hal_can.o
HAL_CAN_IRQHandler                                build/stm32f1xx_hal_can.o
HAL_CAN_Init                                      build/stm32f1xx_hal_can.o
HAL_CAN_IsSleepActive                             build/stm32f1xx_hal_can.o
HAL_CAN_IsTxMessagePending                        build/stm32f1xx_hal_can.o
HAL_CAN_MspDeInit                                 build/stm32f1xx_hal_can.o
HAL_CAN_MspInit                                   build/stm32f1xx_hal_can.o
HAL_CAN_RequestSleep                              build/stm32f1xx_hal_can.o
HAL_CAN_ResetError                                build/stm32f1xx_hal_can.o
HAL_CAN_RxFifo0FullCallback                       build/stm32f1xx_hal_can.o
HAL_CAN_RxFifo0MsgPendingCallback                 build/stm32f1xx_hal_can.o
HAL_CAN_RxFifo1FullCallback                       build/stm32f1xx_hal_can.o
HAL_CAN_RxFifo1MsgPendingCallback                 build/stm32f1xx_hal_can.o
HAL_CAN_SleepCallback                             build/stm32f1xx_hal_can.o
HAL_CAN_Start                                     build/stm32f1xx_hal_can.o
HAL_CAN_Stop                                      build/stm32f1xx_hal_can.o
HAL_CAN_TxMailbox0AbortCallback                   build/stm32f1xx_hal_can.o
HAL_CAN_TxMailbox0CompleteCallback                build/stm32f1xx_hal_can.o
HAL_CAN_TxMailbox1AbortCallback                   build/stm32f1xx_hal_can.o
HAL_CAN_TxMailbox1CompleteCallback                build/stm32f1xx_hal_can.o
HAL_CAN_TxMailbox2AbortCallback                   build/stm32f1xx_hal_can.o
HAL_CAN_TxMailbox2CompleteCallback                build/stm32f1xx_hal_can.o
HAL_CAN_WakeUp                                    build/stm32f1xx_hal_can.o
HAL_CAN_WakeUpFromRxMsgCallback                   build/stm32f1xx_hal_can.o
HAL_DBGMCU_DisableDBGSleepMode                    build/stm32f1xx_hal.o
HAL_DBGMCU_DisableDBGStandbyMode                  build/stm32f1xx_hal.o
HAL_DBGMCU_DisableDBGStopMode                     build/stm32f1xx_hal.o
HAL_DBGMCU_EnableDBGSleepMode                     build/stm32f1xx_hal.o
HAL_DBGMCU_EnableDBGStandbyMode                   build/stm32f1xx_hal.o
HAL_DBGMCU_EnableDBGStopMode                      build/stm32f1xx_hal.o
HAL_DMA_Abort                                     build/stm32f1xx_hal_dma.o
                                                  build/stm32f1xx_hal_uart.o
HAL_DMA_Abort_IT                                  build/stm32f1xx_hal_dma.o
                                                  build/stm32f1xx_hal_i2c.o
                                                  build/stm32f1xx_hal_uart.o
HAL_DMA_DeInit                                    build/stm32f1xx_hal_dma.o
HAL_DMA_GetError                                  build/stm32f1xx_hal_dma.o
                                                  build/stm32f1xx_hal_uart.o
HAL_DMA_GetState                                  build/stm32f1xx_hal_dma.o
                                                  build/stm32f1xx_hal_i2c.o
HAL_DMA_IRQHandler                                build/stm32f1xx_hal_dma.o
HAL_DMA_Init                                      build/stm32f1xx_hal_dma.o
HAL_DMA_PollForTransfer                           build/stm32f1xx_hal_dma.o
HAL_DMA_RegisterCallback                          build/stm32f1xx_hal_dma.o
HAL_DMA_Start                                     build/stm32f1xx_hal_dma.o
HAL_DMA_Start_IT                                  build/stm32f1xx_hal_dma.o
                                                  build/stm32f1xx_hal_i2c.o
                                                  build/stm32f1xx_hal_uart.o